Component: ARM Compiler 5.06 update 7 (build 960) Tool: armlink [4d3601]

==============================================================================

Section Cross References

    main.o(i.key_task) refers to tasks.o(i.vTaskDelay) for vTaskDelay
    main.o(i.key_task) refers to tasks.o(i.vTaskSuspend) for vTaskSuspend
    main.o(i.key_task) refers to main.o(.data) for .data
    main.o(i.main) refers to misc.o(i.NVIC_PriorityGroupConfig) for NVIC_PriorityGroupConfig
    main.o(i.main) refers to delay.o(i.delay_init) for delay_init
    main.o(i.main) refers to usart.o(i.uart_init) for uart_init
    main.o(i.main) refers to led.o(i.LED_INIT) for LED_INIT
    main.o(i.main) refers to led.o(i.EXTI_PA4_init) for EXTI_PA4_init
    main.o(i.main) refers to tasks.o(i.xTaskCreate) for xTaskCreate
    main.o(i.main) refers to tasks.o(i.vTaskStartScheduler) for vTaskStartScheduler
    main.o(i.main) refers to main.o(.data) for .data
    main.o(i.main) refers to main.o(i.start_task) for start_task
    main.o(i.start_task) refers to tasks.o(i.xTaskCreate) for xTaskCreate
    main.o(i.start_task) refers to tasks.o(i.vTaskDelete) for vTaskDelete
    main.o(i.start_task) refers to main.o(.data) for .data
    main.o(i.start_task) refers to main.o(i.task1_task) for task1_task
    main.o(i.start_task) refers to main.o(i.task2_task) for task2_task
    main.o(i.start_task) refers to main.o(i.key_task) for key_task
    main.o(i.task1_task) refers to tasks.o(i.vTaskDelay) for vTaskDelay
    main.o(i.task2_task) refers to tasks.o(i.vTaskDelay) for vTaskDelay
    led.o(i.EXTI4_IRQHandler) refers to delay.o(i.delay_xms) for delay_xms
    led.o(i.EXTI4_IRQHandler) refers to stm32f10x_exti.o(i.EXTI_GetITStatus) for EXTI_GetITStatus
    led.o(i.EXTI4_IRQHandler) refers to tasks.o(i.xTaskResumeFromISR) for xTaskResumeFromISR
    led.o(i.EXTI4_IRQHandler) refers to stm32f10x_exti.o(i.EXTI_ClearITPendingBit) for EXTI_ClearITPendingBit
    led.o(i.EXTI4_IRQHandler) refers to main.o(.data) for Task2_Handler
    led.o(i.EXTI_PA4_init) refers to stm32f10x_rcc.o(i.RCC_APB2PeriphClockCmd) for RCC_APB2PeriphClockCmd
    led.o(i.EXTI_PA4_init) refers to stm32f10x_gpio.o(i.GPIO_Init) for GPIO_Init
    led.o(i.EXTI_PA4_init) refers to stm32f10x_exti.o(i.EXTI_Init) for EXTI_Init
    led.o(i.EXTI_PA4_init) refers to stm32f10x_gpio.o(i.GPIO_EXTILineConfig) for GPIO_EXTILineConfig
    led.o(i.EXTI_PA4_init) refers to misc.o(i.NVIC_Init) for NVIC_Init
    led.o(i.LED_INIT) refers to stm32f10x_rcc.o(i.RCC_APB2PeriphClockCmd) for RCC_APB2PeriphClockCmd
    led.o(i.LED_INIT) refers to stm32f10x_gpio.o(i.GPIO_Init) for GPIO_Init
    led.o(i.LED_INIT) refers to stm32f10x_gpio.o(i.GPIO_ResetBits) for GPIO_ResetBits
    led.o(i.LED_INIT) refers to stm32f10x_gpio.o(i.GPIO_SetBits) for GPIO_SetBits
    system_stm32f10x.o(i.SystemCoreClockUpdate) refers to system_stm32f10x.o(.data) for .data
    system_stm32f10x.o(i.SystemInit) refers to system_stm32f10x.o(i.SetSysClockTo72) for SetSysClockTo72
    startup_stm32f10x_md.o(RESET) refers to startup_stm32f10x_md.o(STACK) for __initial_sp
    startup_stm32f10x_md.o(RESET) refers to startup_stm32f10x_md.o(.text) for Reset_Handler
    startup_stm32f10x_md.o(RESET) refers to stm32f10x_it.o(i.NMI_Handler) for NMI_Handler
    startup_stm32f10x_md.o(RESET) refers to stm32f10x_it.o(i.HardFault_Handler) for HardFault_Handler
    startup_stm32f10x_md.o(RESET) refers to stm32f10x_it.o(i.MemManage_Handler) for MemManage_Handler
    startup_stm32f10x_md.o(RESET) refers to stm32f10x_it.o(i.BusFault_Handler) for BusFault_Handler
    startup_stm32f10x_md.o(RESET) refers to stm32f10x_it.o(i.UsageFault_Handler) for UsageFault_Handler
    startup_stm32f10x_md.o(RESET) refers to port.o(.emb_text) for SVC_Handler
    startup_stm32f10x_md.o(RESET) refers to stm32f10x_it.o(i.DebugMon_Handler) for DebugMon_Handler
    startup_stm32f10x_md.o(RESET) refers to delay.o(i.SysTick_Handler) for SysTick_Handler
    startup_stm32f10x_md.o(RESET) refers to led.o(i.EXTI4_IRQHandler) for EXTI4_IRQHandler
    startup_stm32f10x_md.o(RESET) refers to usart.o(i.USART1_IRQHandler) for USART1_IRQHandler
    startup_stm32f10x_md.o(.text) refers to system_stm32f10x.o(i.SystemInit) for SystemInit
    startup_stm32f10x_md.o(.text) refers to entry.o(.ARM.Collect$$$$00000000) for __main
    stm32f10x_gpio.o(i.GPIO_AFIODeInit) refers to stm32f10x_rcc.o(i.RCC_APB2PeriphResetCmd) for RCC_APB2PeriphResetCmd
    stm32f10x_gpio.o(i.GPIO_DeInit) refers to stm32f10x_rcc.o(i.RCC_APB2PeriphResetCmd) for RCC_APB2PeriphResetCmd
    stm32f10x_rcc.o(i.RCC_GetClocksFreq) refers to stm32f10x_rcc.o(.data) for .data
    stm32f10x_rcc.o(i.RCC_WaitForHSEStartUp) refers to stm32f10x_rcc.o(i.RCC_GetFlagStatus) for RCC_GetFlagStatus
    stm32f10x_tim.o(i.TIM_DeInit) refers to stm32f10x_rcc.o(i.RCC_APB1PeriphResetCmd) for RCC_APB1PeriphResetCmd
    stm32f10x_tim.o(i.TIM_DeInit) refers to stm32f10x_rcc.o(i.RCC_APB2PeriphResetCmd) for RCC_APB2PeriphResetCmd
[...]
    printfa.o(i.__0snprintf) refers to printfa.o(i._snputc) for _snputc
    printfa.o(i.__0sprintf) refers (Special) to iusefp.o(.text) for __I$use$fp
    printfa.o(i.__0sprintf) refers to printfa.o(i._printf_core) for _printf_core
    printfa.o(i.__0sprintf) refers to printfa.o(i._sputc) for _sputc
    printfa.o(i.__0vfprintf) refers (Special) to iusefp.o(.text) for __I$use$fp
    printfa.o(i.__0vfprintf) refers to printfa.o(i._printf_core) for _printf_core
    printfa.o(i.__0vfprintf) refers to usart.o(i.fputc) for fputc
    printfa.o(i.__0vprintf) refers (Special) to iusefp.o(.text) for __I$use$fp
    printfa.o(i.__0vprintf) refers to printfa.o(i._printf_core) for _printf_core
    printfa.o(i.__0vprintf) refers to usart.o(i.fputc) for fputc
    printfa.o(i.__0vprintf) refers to stdout.o(.data) for __stdout
    printfa.o(i.__0vsnprintf) refers (Special) to iusefp.o(.text) for __I$use$fp
    printfa.o(i.__0vsnprintf) refers to printfa.o(i._printf_core) for _printf_core
    printfa.o(i.__0vsnprintf) refers to printfa.o(i._snputc) for _snputc
    printfa.o(i.__0vsprintf) refers (Special) to iusefp.o(.text) for __I$use$fp
    printfa.o(i.__0vsprintf) refers to printfa.o(i._printf_core) for _printf_core
    printfa.o(i.__0vsprintf) refers to printfa.o(i._sputc) for _sputc
    printfa.o(i._fp_digits) refers (Special) to iusefp.o(.text) for __I$use$fp
    printfa.o(i._fp_digits) refers to dmul.o(.text) for __aeabi_dmul
    printfa.o(i._fp_digits) refers to ddiv.o(.text) for __aeabi_ddiv
    printfa.o(i._fp_digits) refers to cdrcmple.o(.text) for __aeabi_cdrcmple
    printfa.o(i._fp_digits) refers to dadd.o(.text) for __aeabi_dadd
    printfa.o(i._fp_digits) refers to dfixul.o(.text) for __aeabi_d2ulz
    printfa.o(i._fp_digits) refers to uldiv.o(.text) for __aeabi_uldivmod
    printfa.o(i._printf_core) refers (Special) to iusefp.o(.text) for __I$use$fp
    printfa.o(i._printf_core) refers to printfa.o(i._printf_pre_padding) for _printf_pre_padding
    printfa.o(i._printf_core) refers to uldiv.o(.text) for __aeabi_uldivmod
    printfa.o(i._printf_core) refers to printfa.o(i._printf_post_padding) for _printf_post_padding
    printfa.o(i._printf_core) refers to printfa.o(i._fp_digits) for _fp_digits
    printfa.o(i._printf_core) refers to uidiv.o(.text) for __aeabi_uidivmod
    printfa.o(i._printf_post_padding) refers (Special) to iusefp.o(.text) for __I$use$fp
    printfa.o(i._printf_pre_padding) refers (Special) to iusefp.o(.text) for __I$use$fp
    printfa.o(i._snputc) refers (Special) to iusefp.o(.text) for __I$use$fp
    printfa.o(i._sputc) refers (Special) to iusefp.o(.text) for __I$use$fp
    entry2.o(.ARM.Collect$$$$00000001) refers to entry2.o(.ARM.Collect$$$$00002712) for __lit__00000000
    entry2.o(.ARM.Collect$$$$00002712) refers to startup_stm32f10x_md.o(STACK) for __initial_sp
    entry2.o(__vectab_stack_and_reset_area) refers to startup_stm32f10x_md.o(STACK) for __initial_sp
    entry2.o(__vectab_stack_and_reset_area) refers to entry.o(.ARM.Collect$$$$00000000) for __main
    entry5.o(.ARM.Collect$$$$00000004) refers to init.o(.text) for __scatterload
    entry9a.o(.ARM.Collect$$$$0000000B) refers to main.o(i.main) for main
    entry9b.o(.ARM.Collect$$$$0000000C) refers to main.o(i.main) for main
    uldiv.o(.text) refers to llushr.o(.text) for __aeabi_llsr
    uldiv.o(.text) refers to llshl.o(.text) for __aeabi_llsl
    dadd.o(.text) refers to llshl.o(.text) for __aeabi_llsl
    dadd.o(.text) refers to llsshr.o(.text) for __aeabi_lasr
    dadd.o(.text) refers to depilogue.o(.text) for _double_epilogue
    dmul.o(.text) refers to depilogue.o(.text) for _double_epilogue
    ddiv.o(.text) refers to depilogue.o(.text) for _double_round
    dfixul.o(.text) refers to llushr.o(.text) for __aeabi_llsr
    dfixul.o(.text) refers to llshl.o(.text) for __aeabi_llsl
    init.o(.text) refers to entry5.o(.ARM.Collect$$$$00000004) for __main_after_scatterload
    depilogue.o(.text) refers to llshl.o(.text) for __aeabi_llsl
    depilogue.o(.text) refers to llushr.o(.text) for __aeabi_llsr


==============================================================================

Removing Unused input sections from the image.

    Removing core_cm3.o(.emb_text), (32 bytes).
    Removing system_stm32f10x.o(i.SystemCoreClockUpdate), (104 bytes).
    Removing startup_stm32f10x_md.o(HEAP), (512 bytes).
    Removing misc.o(i.NVIC_SetVectorTable), (20 bytes).
    Removing misc.o(i.NVIC_SystemLPConfig), (24 bytes).
    Removing stm32f10x_exti.o(i.EXTI_ClearFlag), (12 bytes).
    Removing stm32f10x_exti.o(i.EXTI_DeInit), (36 bytes).
    Removing stm32f10x_exti.o(i.EXTI_GenerateSWInterrupt), (16 bytes).
    Removing stm32f10x_exti.o(i.EXTI_GetFlagStatus), (20 bytes).
    Removing stm32f10x_exti.o(i.EXTI_StructInit), (14 bytes).
    Removing stm32f10x_gpio.o(i.GPIO_AFIODeInit), (22 bytes).
    Removing stm32f10x_gpio.o(i.GPIO_DeInit), (180 bytes).
    Removing stm32f10x_gpio.o(i.GPIO_ETH_MediaInterfaceConfig), (12 bytes).
    Removing stm32f10x_gpio.o(i.GPIO_EventOutputCmd), (12 bytes).
    Removing stm32f10x_gpio.o(i.GPIO_EventOutputConfig), (28 bytes).
    Removing stm32f10x_gpio.o(i.GPIO_PinLockConfig), (16 bytes).
    Removing stm32f10x_gpio.o(i.GPIO_PinRemapConfig), (88 bytes).
    Removing stm32f10x_gpio.o(i.GPIO_ReadInputData), (6 bytes).
    Removing stm32f10x_gpio.o(i.GPIO_ReadInputDataBit), (14 bytes).
    Removing stm32f10x_gpio.o(i.GPIO_ReadOutputData), (6 bytes).
    Removing stm32f10x_gpio.o(i.GPIO_ReadOutputDataBit), (14 bytes).
    Removing stm32f10x_gpio.o(i.GPIO_StructInit), (16 bytes).
    Removing stm32f10x_gpio.o(i.GPIO_Write), (4 bytes).
    Removing stm32f10x_gpio.o(i.GPIO_WriteBit), (10 bytes).
    Removing stm32f10x_rcc.o(i.RCC_ADCCLKConfig), (20 bytes).
    Removing stm32f10x_rcc.o(i.RCC_AHBPeriphClockCmd), (24 bytes).
    Removing stm32f10x_rcc.o(i.RCC_APB1PeriphClockCmd), (24 bytes).
    Removing stm32f10x_rcc.o(i.RCC_APB1PeriphResetCmd), (24 bytes).
    Removing stm32f10x_rcc.o(i.RCC_APB2PeriphResetCmd), (24 bytes).
    Removing stm32f10x_rcc.o(i.RCC_AdjustHSICalibrationValue), (20 bytes).
    Removing stm32f10x_rcc.o(i.RCC_BackupResetCmd), (12 bytes).
    Removing stm32f10x_rcc.o(i.RCC_ClearFlag), (16 bytes).
    Removing stm32f10x_rcc.o(i.RCC_ClearITPendingBit), (12 bytes).
    Removing stm32f10x_rcc.o(i.RCC_ClockSecuritySystemCmd), (12 bytes).
    Removing stm32f10x_rcc.o(i.RCC_DeInit), (64 bytes).
    Removing stm32f10x_rcc.o(i.RCC_GetFlagStatus), (48 bytes).
    Removing stm32f10x_rcc.o(i.RCC_GetITStatus), (20 bytes).
    Removing stm32f10x_rcc.o(i.RCC_GetSYSCLKSource), (16 bytes).
    Removing stm32f10x_rcc.o(i.RCC_HCLKConfig), (20 bytes).
    Removing stm32f10x_rcc.o(i.RCC_HSEConfig), (52 bytes).
    Removing stm32f10x_rcc.o(i.RCC_HSICmd), (12 bytes).
    Removing stm32f10x_rcc.o(i.RCC_ITConfig), (24 bytes).
    Removing stm32f10x_rcc.o(i.RCC_LSEConfig), (32 bytes).
    Removing stm32f10x_rcc.o(i.RCC_LSICmd), (12 bytes).
    Removing stm32f10x_rcc.o(i.RCC_MCOConfig), (12 bytes).
    Removing stm32f10x_rcc.o(i.RCC_PCLK1Config), (20 bytes).
    Removing stm32f10x_rcc.o(i.RCC_PCLK2Config), (20 bytes).
    Removing stm32f10x_rcc.o(i.RCC_PLLCmd), (12 bytes).
    Removing stm32f10x_rcc.o(i.RCC_PLLConfig), (20 bytes).
    Removing stm32f10x_rcc.o(i.RCC_RTCCLKCmd), (12 bytes).
    Removing stm32f10x_rcc.o(i.RCC_RTCCLKConfig), (16 bytes).
    Removing stm32f10x_rcc.o(i.RCC_SYSCLKConfig), (20 bytes).
    Removing stm32f10x_rcc.o(i.RCC_USBCLKConfig), (12 bytes).
    Removing stm32f10x_rcc.o(i.RCC_WaitForHSEStartUp), (44 bytes).
    Removing stm32f10x_sdio.o(i.SDIO_CEATAITCmd), (16 bytes).
    Removing stm32f10x_sdio.o(i.SDIO_ClearFlag), (12 bytes).
    Removing stm32f10x_sdio.o(i.SDIO_ClearITPendingBit), (12 bytes).
    Removing stm32f10x_sdio.o(i.SDIO_ClockCmd), (12 bytes).
    Removing stm32f10x_sdio.o(i.SDIO_CmdStructInit), (14 bytes).
    Removing stm32f10x_sdio.o(i.SDIO_CommandCompletionCmd), (12 bytes).
    Removing stm32f10x_sdio.o(i.SDIO_DMACmd), (12 bytes).
    Removing stm32f10x_sdio.o(i.SDIO_DataConfig), (44 bytes).
    Removing stm32f10x_sdio.o(i.SDIO_DataStructInit), (20 bytes).
    Removing stm32f10x_sdio.o(i.SDIO_DeInit), (36 bytes).
    Removing stm32f10x_sdio.o(i.SDIO_GetCommandResponse), (12 bytes).
    Removing stm32f10x_sdio.o(i.SDIO_GetDataCounter), (12 bytes).
    Removing stm32f10x_sdio.o(i.SDIO_GetFIFOCount), (12 bytes).
    Removing stm32f10x_sdio.o(i.SDIO_GetFlagStatus), (20 bytes).
    Removing stm32f10x_sdio.o(i.SDIO_GetITStatus), (20 bytes).
    Removing stm32f10x_sdio.o(i.SDIO_GetPowerState), (16 bytes).
    Removing stm32f10x_sdio.o(i.SDIO_GetResponse), (16 bytes).
    Removing stm32f10x_sdio.o(i.SDIO_ITConfig), (24 bytes).
    Removing stm32f10x_sdio.o(i.SDIO_Init), (44 bytes).
    Removing stm32f10x_sdio.o(i.SDIO_ReadData), (12 bytes).
    Removing stm32f10x_sdio.o(i.SDIO_SendCEATACmd), (12 bytes).
    Removing stm32f10x_sdio.o(i.SDIO_SendCommand), (40 bytes).
    Removing stm32f10x_sdio.o(i.SDIO_SendSDIOSuspendCmd), (12 bytes).
    Removing stm32f10x_sdio.o(i.SDIO_SetPowerState), (24 bytes).
    Removing stm32f10x_sdio.o(i.SDIO_SetSDIOOperation), (12 bytes).
    Removing stm32f10x_sdio.o(i.SDIO_SetSDIOReadWaitMode), (12 bytes).
    Removing stm32f10x_sdio.o(i.SDIO_StartSDIOReadWait), (12 bytes).
    Removing stm32f10x_sdio.o(i.SDIO_StopSDIOReadWait), (12 bytes).
    Removing stm32f10x_sdio.o(i.SDIO_StructInit), (16 bytes).
    Removing stm32f10x_sdio.o(i.SDIO_WriteData), (12 bytes).
    Removing stm32f10x_tim.o(i.TI1_Config), (108 bytes).
    Removing stm32f10x_tim.o(i.TI2_Config), (124 bytes).
    Removing stm32f10x_tim.o(i.TIM_ARRPreloadConfig), (20 bytes).
    Removing stm32f10x_tim.o(i.TIM_BDTRConfig), (34 bytes).
    Removing stm32f10x_tim.o(i.TIM_BDTRStructInit), (18 bytes).
    Removing stm32f10x_tim.o(i.TIM_CCPreloadControl), (20 bytes).
    Removing stm32f10x_tim.o(i.TIM_CCxCmd), (22 bytes).
    Removing stm32f10x_tim.o(i.TIM_CCxNCmd), (22 bytes).
    Removing stm32f10x_tim.o(i.TIM_ClearFlag), (6 bytes).
    Removing stm32f10x_tim.o(i.TIM_ClearITPendingBit), (6 bytes).
    Removing stm32f10x_tim.o(i.TIM_ClearOC1Ref), (12 bytes).
    Removing stm32f10x_tim.o(i.TIM_ClearOC2Ref), (20 bytes).
    Removing stm32f10x_tim.o(i.TIM_ClearOC3Ref), (12 bytes).
    Removing stm32f10x_tim.o(i.TIM_ClearOC4Ref), (20 bytes).
    Removing stm32f10x_tim.o(i.TIM_Cmd), (20 bytes).
    Removing stm32f10x_tim.o(i.TIM_CounterModeConfig), (12 bytes).
    Removing stm32f10x_tim.o(i.TIM_CtrlPWMOutputs), (22 bytes).
    Removing stm32f10x_tim.o(i.TIM_DMACmd), (16 bytes).
    Removing stm32f10x_tim.o(i.TIM_DMAConfig), (8 bytes).
    Removing stm32f10x_tim.o(i.TIM_DeInit), (368 bytes).
    Removing stm32f10x_tim.o(i.TIM_ETRClockMode1Config), (18 bytes).
    Removing stm32f10x_tim.o(i.TIM_ETRClockMode2Config), (18 bytes).
    Removing stm32f10x_tim.o(i.TIM_ETRConfig), (24 bytes).
    Removing stm32f10x_tim.o(i.TIM_EncoderInterfaceConfig), (50 bytes).
    Removing stm32f10x_tim.o(i.TIM_ForcedOC1Config), (12 bytes).
    Removing stm32f10x_tim.o(i.TIM_ForcedOC2Config), (20 bytes).
    Removing stm32f10x_tim.o(i.TIM_ForcedOC3Config), (12 bytes).
    Removing stm32f10x_tim.o(i.TIM_ForcedOC4Config), (20 bytes).
    Removing stm32f10x_tim.o(i.TIM_GenerateEvent), (4 bytes).
    Removing stm32f10x_tim.o(i.TIM_GetCapture1), (4 bytes).
    Removing stm32f10x_tim.o(i.TIM_GetCapture2), (4 bytes).
    Removing stm32f10x_tim.o(i.TIM_GetCapture3), (4 bytes).
    Removing stm32f10x_tim.o(i.TIM_GetCapture4), (6 bytes).
    Removing stm32f10x_tim.o(i.TIM_GetCounter), (4 bytes).
    Removing stm32f10x_tim.o(i.TIM_GetFlagStatus), (14 bytes).
    Removing stm32f10x_tim.o(i.TIM_GetITStatus), (24 bytes).
    Removing stm32f10x_tim.o(i.TIM_GetPrescaler), (4 bytes).
    Removing stm32f10x_tim.o(i.TIM_ICInit), (300 bytes).
    Removing stm32f10x_tim.o(i.TIM_ICStructInit), (16 bytes).
    Removing stm32f10x_tim.o(i.TIM_ITConfig), (16 bytes).
    Removing stm32f10x_tim.o(i.TIM_ITRxExternalClockConfig), (18 bytes).
    Removing stm32f10x_tim.o(i.TIM_InternalClockConfig), (10 bytes).
    Removing stm32f10x_tim.o(i.TIM_OC1FastConfig), (12 bytes).
    Removing stm32f10x_tim.o(i.TIM_OC1Init), (128 bytes).
    Removing stm32f10x_tim.o(i.TIM_OC1NPolarityConfig), (12 bytes).
    Removing stm32f10x_tim.o(i.TIM_OC1PolarityConfig), (12 bytes).
    Removing stm32f10x_tim.o(i.TIM_OC1PreloadConfig), (12 bytes).
    Removing stm32f10x_tim.o(i.TIM_OC2FastConfig), (20 bytes).
    Removing stm32f10x_tim.o(i.TIM_OC2Init), (128 bytes).
    Removing stm32f10x_tim.o(i.TIM_OC2NPolarityConfig), (20 bytes).
    Removing stm32f10x_tim.o(i.TIM_OC2PolarityConfig), (20 bytes).
    Removing stm32f10x_tim.o(i.TIM_OC2PreloadConfig), (20 bytes).
    Removing stm32f10x_tim.o(i.TIM_OC3FastConfig), (12 bytes).
    Removing stm32f10x_tim.o(i.TIM_OC3Init), (124 bytes).
    Removing stm32f10x_tim.o(i.TIM_OC3NPolarityConfig), (20 bytes).
    Removing stm32f10x_tim.o(i.TIM_OC3PolarityConfig), (20 bytes).
    Removing stm32f10x_tim.o(i.TIM_OC3PreloadConfig), (12 bytes).
    Removing stm32f10x_tim.o(i.TIM_OC4FastConfig), (20 bytes).
    Removing stm32f10x_tim.o(i.TIM_OC4Init), (100 bytes).
    Removing stm32f10x_tim.o(i.TIM_OC4PolarityConfig), (20 bytes).
    Removing stm32f10x_tim.o(i.TIM_OC4PreloadConfig), (20 bytes).
    Removing stm32f10x_tim.o(i.TIM_OCStructInit), (20 bytes).
    Removing stm32f10x_tim.o(i.TIM_PWMIConfig), (108 bytes).
    Removing stm32f10x_tim.o(i.TIM_PrescalerConfig), (6 bytes).
    Removing stm32f10x_tim.o(i.TIM_SelectCCDMA), (20 bytes).
    Removing stm32f10x_tim.o(i.TIM_SelectCOM), (20 bytes).
    Removing stm32f10x_tim.o(i.TIM_SelectHallSensor), (20 bytes).
    Removing stm32f10x_tim.o(i.TIM_SelectInputTrigger), (12 bytes).
    Removing stm32f10x_tim.o(i.TIM_SelectMasterSlaveMode), (16 bytes).
    Removing stm32f10x_tim.o(i.TIM_SelectOCxM), (70 bytes).
    Removing stm32f10x_tim.o(i.TIM_SelectOnePulseMode), (16 bytes).
    Removing stm32f10x_tim.o(i.TIM_SelectOutputTrigger), (16 bytes).
    Removing stm32f10x_tim.o(i.TIM_SelectSlaveMode), (16 bytes).
    Removing stm32f10x_tim.o(i.TIM_SetAutoreload), (4 bytes).
    Removing stm32f10x_tim.o(i.TIM_SetClockDivision), (16 bytes).
    Removing stm32f10x_tim.o(i.TIM_SetCompare1), (4 bytes).
    Removing stm32f10x_tim.o(i.TIM_SetCompare2), (4 bytes).
    Removing stm32f10x_tim.o(i.TIM_SetCompare3), (4 bytes).
    Removing stm32f10x_tim.o(i.TIM_SetCompare4), (6 bytes).
    Removing stm32f10x_tim.o(i.TIM_SetCounter), (4 bytes).
    Removing stm32f10x_tim.o(i.TIM_SetIC1Prescaler), (16 bytes).
    Removing stm32f10x_tim.o(i.TIM_SetIC2Prescaler), (24 bytes).
    Removing stm32f10x_tim.o(i.TIM_SetIC3Prescaler), (16 bytes).
    Removing stm32f10x_tim.o(i.TIM_SetIC4Prescaler), (24 bytes).
    Removing stm32f10x_tim.o(i.TIM_TIxExternalClockConfig), (46 bytes).
    Removing stm32f10x_tim.o(i.TIM_TimeBaseInit), (156 bytes).
    Removing stm32f10x_tim.o(i.TIM_TimeBaseStructInit), (18 bytes).
    Removing stm32f10x_tim.o(i.TIM_UpdateDisableConfig), (20 bytes).
    Removing stm32f10x_tim.o(i.TIM_UpdateRequestConfig), (20 bytes).
    Removing stm32f10x_usart.o(i.USART_ClearFlag), (6 bytes).
    Removing stm32f10x_usart.o(i.USART_ClearITPendingBit), (12 bytes).
    Removing stm32f10x_usart.o(i.USART_ClockInit), (30 bytes).
    Removing stm32f10x_usart.o(i.USART_ClockStructInit), (12 bytes).
    Removing stm32f10x_usart.o(i.USART_DMACmd), (16 bytes).
    Removing stm32f10x_usart.o(i.USART_DeInit), (116 bytes).
    Removing stm32f10x_usart.o(i.USART_GetFlagStatus), (14 bytes).
    Removing stm32f10x_usart.o(i.USART_HalfDuplexCmd), (20 bytes).
    Removing stm32f10x_usart.o(i.USART_ITConfig), (48 bytes).
    Removing stm32f10x_usart.o(i.USART_IrDACmd), (20 bytes).
    Removing stm32f10x_usart.o(i.USART_IrDAConfig), (16 bytes).
    Removing stm32f10x_usart.o(i.USART_LINBreakDetectLengthConfig), (16 bytes).
    Removing stm32f10x_usart.o(i.USART_LINCmd), (20 bytes).
    Removing stm32f10x_usart.o(i.USART_OneBitMethodCmd), (20 bytes).
    Removing stm32f10x_usart.o(i.USART_OverSampling8Cmd), (20 bytes).
    Removing stm32f10x_usart.o(i.USART_ReceiverWakeUpCmd), (20 bytes).
    Removing stm32f10x_usart.o(i.USART_SendBreak), (10 bytes).
    Removing stm32f10x_usart.o(i.USART_SendData), (8 bytes).
    Removing stm32f10x_usart.o(i.USART_SetAddress), (16 bytes).
    Removing stm32f10x_usart.o(i.USART_SetGuardTime), (16 bytes).
    Removing stm32f10x_usart.o(i.USART_SetPrescaler), (16 bytes).
    Removing stm32f10x_usart.o(i.USART_SmartCardCmd), (20 bytes).
    Removing stm32f10x_usart.o(i.USART_SmartCardNACKCmd), (20 bytes).
    Removing stm32f10x_usart.o(i.USART_StructInit), (22 bytes).
    Removing stm32f10x_usart.o(i.USART_WakeUpConfig), (16 bytes).
    Removing event_groups.o(i.prvTestWaitCondition), (20 bytes).
    Removing event_groups.o(i.uxEventGroupGetNumber), (8 bytes).
    Removing event_groups.o(i.vEventGroupClearBitsCallback), (4 bytes).
    Removing event_groups.o(i.vEventGroupDelete), (116 bytes).
    Removing event_groups.o(i.vEventGroupSetBitsCallback), (4 bytes).
    Removing event_groups.o(i.vEventGroupSetNumber), (4 bytes).
    Removing event_groups.o(i.xEventGroupClearBits), (100 bytes).
    Removing event_groups.o(i.xEventGroupClearBitsFromISR), (16 bytes).
    Removing event_groups.o(i.xEventGroupCreate), (26 bytes).
    Removing event_groups.o(i.xEventGroupGetBitsFromISR), (26 bytes).
    Removing event_groups.o(i.xEventGroupSetBits), (176 bytes).
    Removing event_groups.o(i.xEventGroupSetBitsFromISR), (16 bytes).
    Removing event_groups.o(i.xEventGroupSync), (224 bytes).
    Removing event_groups.o(i.xEventGroupWaitBits), (288 bytes).
    Removing queue.o(i.pcQueueGetName), (40 bytes).
    Removing queue.o(i.ucQueueGetQueueType), (6 bytes).
    Removing queue.o(i.uxQueueGetQueueNumber), (4 bytes).
    Removing queue.o(i.uxQueueMessagesWaiting), (68 bytes).
    Removing queue.o(i.uxQueueMessagesWaitingFromISR), (60 bytes).
    Removing queue.o(i.uxQueueSpacesAvailable), (72 bytes).
    Removing queue.o(i.vQueueDelete), (72 bytes).
    Removing queue.o(i.vQueueSetQueueNumber), (4 bytes).
    Removing queue.o(i.vQueueUnregisterQueue), (40 bytes).
    Removing queue.o(i.xQueueAddToSet), (34 bytes).
    Removing queue.o(i.xQueueCreateCountingSemaphore), (92 bytes).
    Removing queue.o(i.xQueueCreateMutex), (36 bytes).
    Removing queue.o(i.xQueueCreateSet), (8 bytes).
    Removing queue.o(i.xQueueGiveFromISR), (200 bytes).
    Removing queue.o(i.xQueueGiveMutexRecursive), (92 bytes).
    Removing queue.o(i.xQueueIsQueueEmptyFromISR), (68 bytes).
    Removing queue.o(i.xQueueIsQueueFullFromISR), (72 bytes).
    Removing queue.o(i.xQueuePeek), (336 bytes).
    Removing queue.o(i.xQueuePeekFromISR), (140 bytes).
    Removing queue.o(i.xQueueReceiveFromISR), (180 bytes).
    Removing queue.o(i.xQueueRemoveFromSet), (34 bytes).
    Removing queue.o(i.xQueueSelectFromSet), (18 bytes).
    Removing queue.o(i.xQueueSelectFromSetFromISR), (18 bytes).
    Removing queue.o(i.xQueueSemaphoreTake), (396 bytes).
    Removing queue.o(i.xQueueTakeMutexRecursive), (96 bytes).
    Removing tasks.o(i.eTaskGetState), (136 bytes).
    Removing tasks.o(i.pcTaskGetName), (76 bytes).
    Removing tasks.o(i.prvListTasksWithinSingleList), (86 bytes).
    Removing tasks.o(i.pvTaskIncrementMutexHeldCount), (24 bytes).
    Removing tasks.o(i.ulTaskNotifyTake), (104 bytes).
    Removing tasks.o(i.uxTaskGetNumberOfTasks), (12 bytes).
    Removing tasks.o(i.uxTaskGetSystemState), (172 bytes).
    Removing tasks.o(i.uxTaskGetTaskNumber), (8 bytes).
    Removing tasks.o(i.uxTaskPriorityGet), (28 bytes).
    Removing tasks.o(i.uxTaskPriorityGetFromISR), (44 bytes).
    Removing tasks.o(i.uxTaskResetEventItemValue), (24 bytes).
    Removing tasks.o(i.vTaskDelayUntil), (172 bytes).
    Removing tasks.o(i.vTaskEndScheduler), (28 bytes).
    Removing tasks.o(i.vTaskGetInfo), (128 bytes).
    Removing tasks.o(i.vTaskList), (212 bytes).
    Removing tasks.o(i.vTaskNotifyGiveFromISR), (212 bytes).
    Removing tasks.o(i.vTaskPlaceOnUnorderedEventList), (112 bytes).
    Removing tasks.o(i.vTaskPriorityDisinheritAfterTimeout), (204 bytes).
    Removing tasks.o(i.vTaskPrioritySet), (228 bytes).
    Removing tasks.o(i.vTaskRemoveFromUnorderedEventList), (148 bytes).
    Removing tasks.o(i.vTaskResume), (160 bytes).
    Removing tasks.o(i.vTaskSetTaskNumber), (8 bytes).
    Removing tasks.o(i.vTaskSetTimeOutState), (80 bytes).
    Removing tasks.o(i.xTaskGenericNotify), (232 bytes).
    Removing tasks.o(i.xTaskGenericNotifyFromISR), (268 bytes).
    Removing tasks.o(i.xTaskGetCurrentTaskHandle), (12 bytes).
    Removing tasks.o(i.xTaskGetTickCountFromISR), (16 bytes).
    Removing tasks.o(i.xTaskNotifyStateClear), (48 bytes).
    Removing tasks.o(i.xTaskNotifyWait), (140 bytes).
    Removing tasks.o(i.xTaskPriorityInherit), (148 bytes).
    Removing timers.o(i.pcTimerGetName), (64 bytes).
    Removing timers.o(i.pvTimerGetTimerID), (72 bytes).
    Removing timers.o(i.uxTimerGetTimerNumber), (4 bytes).
    Removing timers.o(i.vTimerSetTimerID), (76 bytes).
    Removing timers.o(i.vTimerSetTimerNumber), (4 bytes).
    Removing timers.o(i.xTimerGetExpiryTime), (64 bytes).
    Removing timers.o(i.xTimerGetPeriod), (64 bytes).
    Removing timers.o(i.xTimerGetTimerDaemonTaskHandle), (68 bytes).
    Removing timers.o(i.xTimerIsTimerActive), (80 bytes).
    Removing timers.o(i.xTimerPendFunctionCall), (104 bytes).
    Removing timers.o(i.xTimerPendFunctionCallFromISR), (40 bytes).
    Removing heap_4.o(i.vPortInitialiseBlocks), (2 bytes).
    Removing heap_4.o(i.xPortGetFreeHeapSize), (12 bytes).
    Removing heap_4.o(i.xPortGetMinimumEverFreeHeapSize), (12 bytes).
    Removing port.o(i.vPortEndScheduler), (88 bytes).
    Removing sys.o(.emb_text), (6 bytes).
    Removing sys.o(i.INTX_DISABLE), (4 bytes).
    Removing sys.o(i.INTX_ENABLE), (4 bytes).
    Removing sys.o(i.WFI_SET), (4 bytes).
    Removing delay.o(i.delay_ms), (56 bytes).
    Removing dadd.o(.text), (334 bytes).
    Removing dmul.o(.text), (228 bytes).
    Removing ddiv.o(.text), (222 bytes).
    Removing dfixul.o(.text), (48 bytes).
    Removing cdrcmple.o(.text), (48 bytes).
    Removing depilogue.o(.text), (186 bytes).

293 unused section(s) (total 14310 bytes) removed from the image.

==============================================================================

Image Symbol Table

    Local Symbols

    Symbol Name                              Value     Ov Type        Size  Object(Section)

    ../clib/microlib/division.c              0x00000000   Number         0  uldiv.o ABSOLUTE
    ../clib/microlib/division.c              0x00000000   Number         0  uidiv.o ABSOLUTE
    ../clib/microlib/init/entry.s            0x00000000   Number         0  entry12b.o ABSOLUTE
    ../clib/microlib/init/entry.s            0x00000000   Number         0  entry12a.o ABSOLUTE
    ../clib/microlib/init/entry.s            0x00000000   Number         0  entry.o ABSOLUTE
    ../clib/microlib/init/entry.s            0x00000000   Number         0  entry8a.o ABSOLUTE
    ../clib/microlib/init/entry.s            0x00000000   Number         0  entry11a.o ABSOLUTE
    ../clib/microlib/init/entry.s            0x00000000   Number         0  entry11b.o ABSOLUTE
    ../clib/microlib/init/entry.s            0x00000000   Number         0  entry10b.o ABSOLUTE
    ../clib/microlib/init/entry.s            0x00000000   Number         0  entry10a.o ABSOLUTE
    ../clib/microlib/init/entry.s            0x00000000   Number         0  entry9b.o ABSOLUTE
    ../clib/microlib/init/entry.s            0x00000000   Number         0  entry9a.o ABSOLUTE
    ../clib/microlib/init/entry.s            0x00000000   Number         0  entry5.o ABSOLUTE
    ../clib/microlib/init/entry.s            0x00000000   Number         0  entry8b.o ABSOLUTE
    ../clib/microlib/init/entry.s            0x00000000   Number         0  entry7b.o ABSOLUTE
    ../clib/microlib/init/entry.s            0x00000000   Number         0  entry2.o ABSOLUTE
    ../clib/microlib/init/entry.s            0x00000000   Number         0  entry7a.o ABSOLUTE
    ../clib/microlib/longlong.c              0x00000000   Number         0  llshl.o ABSOLUTE
    ../clib/microlib/longlong.c              0x00000000   Number         0  llushr.o ABSOLUTE
    ../clib/microlib/longlong.c              0x00000000   Number         0  llsshr.o ABSOLUTE
    ../clib/microlib/printf/printf.c         0x00000000   Number         0  printf7.o ABSOLUTE
    ../clib/microlib/printf/printf.c         0x00000000   Number         0  printf1.o ABSOLUTE
    ../clib/microlib/printf/printf.c         0x00000000   Number         0  printfb.o ABSOLUTE
    ../clib/microlib/printf/printf.c         0x00000000   Number         0  printf0.o ABSOLUTE
    ../clib/microlib/printf/printf.c         0x00000000   Number         0  printf8.o ABSOLUTE
    ../clib/microlib/printf/printf.c         0x00000000   Number         0  printf2.o ABSOLUTE
    ../clib/microlib/printf/printf.c         0x00000000   Number         0  printf3.o ABSOLUTE
    ../clib/microlib/printf/printf.c         0x00000000   Number         0  printf4.o ABSOLUTE
    ../clib/microlib/printf/printf.c         0x00000000   Number         0  printf5.o ABSOLUTE
    ../clib/microlib/printf/printf.c         0x00000000   Number         0  printf6.o ABSOLUTE
    ../clib/microlib/printf/printf.c         0x00000000   Number         0  printfa.o ABSOLUTE
    ../clib/microlib/printf/stubs.s          0x00000000   Number         0  stubs.o ABSOLUTE
    ../clib/microlib/stdio/streams.c         0x00000000   Number         0  stdout.o ABSOLUTE
    ../clib/microlib/string/memcpy.c         0x00000000   Number         0  memcpyb.o ABSOLUTE
    ../clib/microlib/string/memcpy.c         0x00000000   Number         0  memcpya.o ABSOLUTE
    ../clib/microlib/string/memset.c         0x00000000   Number         0  memseta.o ABSOLUTE
    ../clib/microlib/string/strcpy.c         0x00000000   Number         0  strcpy.o ABSOLUTE
    ../clib/microlib/string/strlen.c         0x00000000   Number         0  strlen.o ABSOLUTE
    ../clib/microlib/stubs.s                 0x00000000   Number         0  iusefp.o ABSOLUTE
    ../fplib/microlib/fpadd.c                0x00000000   Number         0  dadd.o ABSOLUTE
    ../fplib/microlib/fpdiv.c                0x00000000   Number         0  ddiv.o ABSOLUTE
    ../fplib/microlib/fpepilogue.c           0x00000000   Number         0  depilogue.o ABSOLUTE
    ../fplib/microlib/fpfix.c                0x00000000   Number         0  dfixul.o ABSOLUTE
    ../fplib/microlib/fpmul.c                0x00000000   Number         0  dmul.o ABSOLUTE
    ..\FreeRTOS\croutine.c                   0x00000000   Number         0  croutine.o ABSOLUTE
    ..\FreeRTOS\event_groups.c               0x00000000   Number         0  event_groups.o ABSOLUTE
    ..\FreeRTOS\list.c                       0x00000000   Number         0  list.o ABSOLUTE
    ..\FreeRTOS\portable\MemMang\heap_4.c    0x00000000   Number         0  heap_4.o ABSOLUTE
    ..\FreeRTOS\portable\RVDS\ARM_CM3\port.c 0x00000000   Number         0  port.o ABSOLUTE
    ..\FreeRTOS\queue.c                      0x00000000   Number         0  queue.o ABSOLUTE
    ..\FreeRTOS\tasks.c                      0x00000000   Number         0  tasks.o ABSOLUTE
    ..\FreeRTOS\timers.c                     0x00000000   Number         0  timers.o ABSOLUTE
    ..\Fwlib\src\misc.c                      0x00000000   Number         0  misc.o ABSOLUTE
    ..\Fwlib\src\stm32f10x_exti.c            0x00000000   Number         0  stm32f10x_exti.o ABSOLUTE
    ..\Fwlib\src\stm32f10x_gpio.c            0x00000000   Number         0  stm32f10x_gpio.o ABSOLUTE
    ..\Fwlib\src\stm32f10x_rcc.c             0x00000000   Number         0  stm32f10x_rcc.o ABSOLUTE
    ..\Fwlib\src\stm32f10x_sdio.c            0x00000000   Number         0  stm32f10x_sdio.o ABSOLUTE
    ..\Fwlib\src\stm32f10x_tim.c             0x00000000   Number         0  stm32f10x_tim.o ABSOLUTE
    ..\Fwlib\src\stm32f10x_usart.c           0x00000000   Number         0  stm32f10x_usart.o ABSOLUTE
    ..\\FreeRTOS\\portable\\RVDS\\ARM_CM3\\port.c 0x00000000   Number         0  port.o ABSOLUTE
    ..\\cmsis\\core_cm3.c                    0x00000000   Number         0  core_cm3.o ABSOLUTE
    ..\\system\\sys\\sys.c                   0x00000000   Number         0  sys.o ABSOLUTE
    ..\cmsis\core_cm3.c                      0x00000000   Number         0  core_cm3.o ABSOLUTE
    ..\cmsis\startup_stm32f10x_md.s          0x00000000   Number         0  startup_stm32f10x_md.o ABSOLUTE
    ..\cmsis\stm32f10x_it.c                  0x00000000   Number         0  stm32f10x_it.o ABSOLUTE
    ..\cmsis\system_stm32f10x.c              0x00000000   Number         0  system_stm32f10x.o ABSOLUTE
    ..\system\delay\delay.c                  0x00000000   Number         0  delay.o ABSOLUTE
    ..\system\sys\sys.c                      0x00000000   Number         0  sys.o ABSOLUTE
    ..\system\usart\usart.c                  0x00000000   Number         0  usart.o ABSOLUTE
    ..\user\led.c                            0x00000000   Number         0  led.o ABSOLUTE
    ..\user\main.c                           0x00000000   Number         0  main.o ABSOLUTE
    cdrcmple.s                               0x00000000   Number         0  cdrcmple.o ABSOLUTE
    dc.s                                     0x00000000   Number         0  dc.o ABSOLUTE
    handlers.s                               0x00000000   Number         0  handlers.o ABSOLUTE
    init.s                                   0x00000000   Number         0  init.o ABSOLUTE
    RESET                                    0x08000000   Section      236  startup_stm32f10x_md.o(RESET)
    .ARM.Collect$$$$00000000                 0x080000ec   Section        0  entry.o(.ARM.Collect$$$$00000000)
    .ARM.Collect$$$$00000001                 0x080000ec   Section        4  entry2.o(.ARM.Collect$$$$00000001)
    .ARM.Collect$$$$00000004                 0x080000f0   Section        4  entry5.o(.ARM.Collect$$$$00000004)
    .ARM.Collect$$$$00000008                 0x080000f4   Section        0  entry7b.o(.ARM.Collect$$$$00000008)
    .ARM.Collect$$$$0000000A                 0x080000f4   Section        0  entry8b.o(.ARM.Collect$$$$0000000A)
    .ARM.Collect$$$$0000000B                 0x080000f4   Section        8  entry9a.o(.ARM.Collect$$$$0000000B)
    .ARM.Collect$$$$0000000E                 0x080000fc   Section        4  entry12b.o(.ARM.Collect$$$$0000000E)
    .ARM.Collect$$$$0000000F                 0x08000100   Section        0  entry10a.o(.ARM.Collect$$$$0000000F)
    .ARM.Collect$$$$00000011                 0x08000100   Section        0  entry11a.o(.ARM.Collect$$$$00000011)
    .ARM.Collect$$$$00002712                 0x08000100   Section        4  entry2.o(.ARM.Collect$$$$00002712)
    __lit__00000000                          0x08000100   Data           4  entry2.o(.ARM.Collect$$$$00002712)
    .emb_text                                0x08000104   Section      150  port.o(.emb_text)
    .text                                    0x0800019c   Section       36  startup_stm32f10x_md.o(.text)
    .text                                    0x080001c0   Section        0  memcpya.o(.text)
    .text                                    0x080001e4   Section        0  memseta.o(.text)
    .text                                    0x08000208   Section        0  uidiv.o(.text)
    .text                                    0x08000234   Section       36  init.o(.text)
    i.BusFault_Handler                       0x08000258   Section        0  stm32f10x_it.o(i.BusFault_Handler)
    i.DebugMon_Handler                       0x0800025a   Section        0  stm32f10x_it.o(i.DebugMon_Handler)
    i.EXTI4_IRQHandler                       0x0800025c   Section        0  led.o(i.EXTI4_IRQHandler)
    i.EXTI_ClearITPendingBit                 0x08000298   Section        0  stm32f10x_exti.o(i.EXTI_ClearITPendingBit)
    i.EXTI_GetITStatus                       0x080002a4   Section        0  stm32f10x_exti.o(i.EXTI_GetITStatus)
    i.EXTI_Init                              0x080002c4   Section        0  stm32f10x_exti.o(i.EXTI_Init)
    i.EXTI_PA4_init                          0x08000334   Section        0  led.o(i.EXTI_PA4_init)
    i.GPIO_EXTILineConfig                    0x08000394   Section        0  stm32f10x_gpio.o(i.GPIO_EXTILineConfig)
    i.GPIO_Init                              0x080003bc   Section        0  stm32f10x_gpio.o(i.GPIO_Init)
    i.GPIO_ResetBits                         0x08000458   Section        0  stm32f10x_gpio.o(i.GPIO_ResetBits)
    i.GPIO_SetBits                           0x0800045c   Section        0  stm32f10x_gpio.o(i.GPIO_SetBits)
    i.HardFault_Handler                      0x08000460   Section        0  stm32f10x_it.o(i.HardFault_Handler)
    i.LED_INIT                               0x08000464   Section        0  led.o(i.LED_INIT)
    i.MemManage_Handler                      0x080004f4   Section        0  stm32f10x_it.o(i.MemManage_Handler)
    i.NMI_Handler                            0x080004f6   Section        0  stm32f10x_it.o(i.NMI_Handler)
    i.NVIC_Init                              0x080004f8   Section        0  misc.o(i.NVIC_Init)
    i.NVIC_PriorityGroupConfig               0x0800055c   Section        0  misc.o(i.NVIC_PriorityGroupConfig)
    i.RCC_APB2PeriphClockCmd                 0x08000570   Section        0  stm32f10x_rcc.o(i.RCC_APB2PeriphClockCmd)
    i.RCC_GetClocksFreq                      0x08000588   Section        0  stm32f10x_rcc.o(i.RCC_GetClocksFreq)
    i.SetSysClockTo72                        0x0800061c   Section        0  system_stm32f10x.o(i.SetSysClockTo72)
    SetSysClockTo72                          0x0800061d   Thumb Code   160  system_stm32f10x.o(i.SetSysClockTo72)
    i.SysTick_CLKSourceConfig                0x080006c4   Section        0  misc.o(i.SysTick_CLKSourceConfig)
    i.SysTick_Handler                        0x080006dc   Section        0  delay.o(i.SysTick_Handler)
    i.SystemInit                             0x080006f0   Section        0  system_stm32f10x.o(i.SystemInit)
    i.USART1_IRQHandler                      0x08000740   Section        0  usart.o(i.USART1_IRQHandler)
    i.USART_Cmd                              0x080007a4   Section        0  stm32f10x_usart.o(i.USART_Cmd)
    i.USART_GetITStatus                      0x080007b8   Section        0  stm32f10x_usart.o(i.USART_GetITStatus)
    i.USART_Init                             0x080007f8   Section        0  stm32f10x_usart.o(i.USART_Init)
    i.USART_ReceiveData                      0x080008a4   Section        0  stm32f10x_usart.o(i.USART_ReceiveData)
    i.UsageFault_Handler                     0x080008ac   Section        0  stm32f10x_it.o(i.UsageFault_Handler)
    i.__0printf$3                            0x080008b0   Section        0  printf3.o(i.__0printf$3)
    i.__scatterload_copy                     0x080008d0   Section       14  handlers.o(i.__scatterload_copy)
    i.__scatterload_null                     0x080008de   Section        2  handlers.o(i.__scatterload_null)
    i.__scatterload_zeroinit                 0x080008e0   Section       14  handlers.o(i.__scatterload_zeroinit)
    i._printf_core                           0x080008f0   Section        0  printf3.o(i._printf_core)
    _printf_core                             0x080008f1   Thumb Code   436  printf3.o(i._printf_core)
    i.delay_init                             0x08000aa8   Section        0  delay.o(i.delay_init)
    i.delay_us                               0x08000af0   Section        0  delay.o(i.delay_us)
    i.delay_xms                              0x08000b24   Section        0  delay.o(i.delay_xms)
    i.fputc                                  0x08000b40   Section        0  usart.o(i.fputc)
    i.key_task                               0x08000b58   Section        0  main.o(i.key_task)
    i.main                                   0x08000b8c   Section        0  main.o(i.main)
    i.prvAddCurrentTaskToDelayedList         0x08000bdc   Section        0  tasks.o(i.prvAddCurrentTaskToDelayedList)
    prvAddCurrentTaskToDelayedList           0x08000bdd   Thumb Code   102  tasks.o(i.prvAddCurrentTaskToDelayedList)
    i.prvAddNewTaskToReadyList               0x08000c4c   Section        0  tasks.o(i.prvAddNewTaskToReadyList)
    prvAddNewTaskToReadyList                 0x08000c4d   Thumb Code   192  tasks.o(i.prvAddNewTaskToReadyList)
    i.prvCheckForValidListAndQueue           0x08000d1c   Section        0  timers.o(i.prvCheckForValidListAndQueue)
    prvCheckForValidListAndQueue             0x08000d1d   Thumb Code    62  timers.o(i.prvCheckForValidListAndQueue)
    i.prvCopyDataFromQueue                   0x08000d6c   Section        0  queue.o(i.prvCopyDataFromQueue)
    prvCopyDataFromQueue                     0x08000d6d   Thumb Code    38  queue.o(i.prvCopyDataFromQueue)
    i.prvCopyDataToQueue                     0x08000d92   Section        0  queue.o(i.prvCopyDataToQueue)
    prvCopyDataToQueue                       0x08000d93   Thumb Code   108  queue.o(i.prvCopyDataToQueue)
    i.prvDeleteTCB                           0x08000dfe   Section        0  tasks.o(i.prvDeleteTCB)
    prvDeleteTCB                             0x08000dff   Thumb Code    20  tasks.o(i.prvDeleteTCB)
    i.prvHeapInit                            0x08000e14   Section        0  heap_4.o(i.prvHeapInit)
    prvHeapInit                              0x08000e15   Thumb Code    66  heap_4.o(i.prvHeapInit)
    i.prvIdleTask                            0x08000e60   Section        0  tasks.o(i.prvIdleTask)
    prvIdleTask                              0x08000e61   Thumb Code    80  tasks.o(i.prvIdleTask)
    i.prvInitialiseNewTask                   0x08000ebc   Section        0  tasks.o(i.prvInitialiseNewTask)
    prvInitialiseNewTask                     0x08000ebd   Thumb Code   154  tasks.o(i.prvInitialiseNewTask)
    i.prvInsertBlockIntoFreeList             0x08000f7c   Section        0  heap_4.o(i.prvInsertBlockIntoFreeList)
    prvInsertBlockIntoFreeList               0x08000f7d   Thumb Code    72  heap_4.o(i.prvInsertBlockIntoFreeList)
    i.prvInsertTimerInActiveList             0x08000fc8   Section        0  timers.o(i.prvInsertTimerInActiveList)
    prvInsertTimerInActiveList               0x08000fc9   Thumb Code    52  timers.o(i.prvInsertTimerInActiveList)
    i.prvIsQueueEmpty                        0x08001000   Section        0  queue.o(i.prvIsQueueEmpty)
    prvIsQueueEmpty                          0x08001001   Thumb Code    26  queue.o(i.prvIsQueueEmpty)
    i.prvNotifyQueueSetContainer             0x0800101c   Section        0  queue.o(i.prvNotifyQueueSetContainer)
    prvNotifyQueueSetContainer               0x0800101d   Thumb Code   108  queue.o(i.prvNotifyQueueSetContainer)
    i.prvProcessExpiredTimer                 0x080010ac   Section        0  timers.o(i.prvProcessExpiredTimer)
    prvProcessExpiredTimer                   0x080010ad   Thumb Code    86  timers.o(i.prvProcessExpiredTimer)
    i.prvProcessReceivedCommands             0x0800110c   Section        0  timers.o(i.prvProcessReceivedCommands)
    prvProcessReceivedCommands               0x0800110d   Thumb Code   194  timers.o(i.prvProcessReceivedCommands)
    i.prvProcessTimerOrBlockTask             0x080011fc   Section        0  timers.o(i.prvProcessTimerOrBlockTask)
    prvProcessTimerOrBlockTask               0x080011fd   Thumb Code    98  timers.o(i.prvProcessTimerOrBlockTask)
    i.prvResetNextTaskUnblockTime            0x08001268   Section        0  tasks.o(i.prvResetNextTaskUnblockTime)
    prvResetNextTaskUnblockTime              0x08001269   Thumb Code    26  tasks.o(i.prvResetNextTaskUnblockTime)
    i.prvSampleTimeNow                       0x08001288   Section        0  timers.o(i.prvSampleTimeNow)
    prvSampleTimeNow                         0x08001289   Thumb Code    36  timers.o(i.prvSampleTimeNow)
    i.prvSwitchTimerLists                    0x080012b0   Section        0  timers.o(i.prvSwitchTimerLists)
    prvSwitchTimerLists                      0x080012b1   Thumb Code   100  timers.o(i.prvSwitchTimerLists)
    i.prvTaskExitError                       0x0800131c   Section        0  port.o(i.prvTaskExitError)
    prvTaskExitError                         0x0800131d   Thumb Code    34  port.o(i.prvTaskExitError)
    i.prvTaskIsTaskSuspended                 0x08001380   Section        0  tasks.o(i.prvTaskIsTaskSuspended)
    prvTaskIsTaskSuspended                   0x08001381   Thumb Code    44  tasks.o(i.prvTaskIsTaskSuspended)
    i.prvTimerTask                           0x080013d4   Section        0  timers.o(i.prvTimerTask)
    prvTimerTask                             0x080013d5   Thumb Code    34  timers.o(i.prvTimerTask)
    i.prvUnlockQueue                         0x080013fc   Section        0  queue.o(i.prvUnlockQueue)
    prvUnlockQueue                           0x080013fd   Thumb Code   120  queue.o(i.prvUnlockQueue)
    i.pvPortMalloc                           0x08001474   Section        0  heap_4.o(i.pvPortMalloc)
    i.pxPortInitialiseStack                  0x08001588   Section        0  port.o(i.pxPortInitialiseStack)
    i.start_task                             0x080015ac   Section        0  main.o(i.start_task)
    i.task1_task                             0x08001630   Section        0  main.o(i.task1_task)
    i.task2_task                             0x0800164c   Section        0  main.o(i.task2_task)
    i.uart_init                              0x0800166c   Section        0  usart.o(i.uart_init)
    i.uxListRemove                           0x08001700   Section        0  list.o(i.uxListRemove)
    i.vListInitialise                        0x08001726   Section        0  list.o(i.vListInitialise)
    i.vListInitialiseItem                    0x0800173c   Section        0  list.o(i.vListInitialiseItem)
    i.vListInsert                            0x08001742   Section        0  list.o(i.vListInsert)
    i.vListInsertEnd                         0x08001772   Section        0  list.o(i.vListInsertEnd)
    i.vPortEnterCritical                     0x0800178c   Section        0  port.o(i.vPortEnterCritical)
    i.vPortExitCritical                      0x08001804   Section        0  port.o(i.vPortExitCritical)
    i.vPortFree                              0x08001868   Section        0  heap_4.o(i.vPortFree)
    i.vPortSetupTimerInterrupt               0x08001904   Section        0  port.o(i.vPortSetupTimerInterrupt)
    i.vPortValidateInterruptPriority         0x08001928   Section        0  port.o(i.vPortValidateInterruptPriority)
    i.vQueueAddToRegistry                    0x080019b4   Section        0  queue.o(i.vQueueAddToRegistry)
    i.vQueueWaitForMessageRestricted         0x080019d8   Section        0  queue.o(i.vQueueWaitForMessageRestricted)
    i.vTaskDelay                             0x08001a1c   Section        0  tasks.o(i.vTaskDelay)
    i.vTaskDelete                            0x08001a88   Section        0  tasks.o(i.vTaskDelete)
    i.vTaskInternalSetTimeOutState           0x08001b54   Section        0  tasks.o(i.vTaskInternalSetTimeOutState)
    i.vTaskMissedYield                       0x08001b64   Section        0  tasks.o(i.vTaskMissedYield)
    i.vTaskPlaceOnEventList                  0x08001b70   Section        0  tasks.o(i.vTaskPlaceOnEventList)
    i.vTaskPlaceOnEventListRestricted        0x08001bc4   Section        0  tasks.o(i.vTaskPlaceOnEventListRestricted)
    i.vTaskStartScheduler                    0x08001c20   Section        0  tasks.o(i.vTaskStartScheduler)
    i.vTaskSuspend                           0x08001cb4   Section        0  tasks.o(i.vTaskSuspend)
    i.vTaskSuspendAll                        0x08001d90   Section        0  tasks.o(i.vTaskSuspendAll)
    i.vTaskSwitchContext                     0x08001da0   Section        0  tasks.o(i.vTaskSwitchContext)
    i.xPortStartScheduler                    0x08001e1c   Section        0  port.o(i.xPortStartScheduler)
    i.xPortSysTickHandler                    0x08001f10   Section        0  port.o(i.xPortSysTickHandler)
    i.xQueueGenericCreate                    0x08001f3c   Section        0  queue.o(i.xQueueGenericCreate)
    i.xQueueGenericReset                     0x08001fb4   Section        0  queue.o(i.xQueueGenericReset)
    i.xQueueGenericSend                      0x0800205c   Section        0  queue.o(i.xQueueGenericSend)
    i.xQueueGenericSendFromISR               0x080021e4   Section        0  queue.o(i.xQueueGenericSendFromISR)
    i.xQueueReceive                          0x080022c4   Section        0  queue.o(i.xQueueReceive)
    i.xTaskCheckForTimeOut                   0x08002414   Section        0  tasks.o(i.xTaskCheckForTimeOut)
    i.xTaskCreate                            0x080024a4   Section        0  tasks.o(i.xTaskCreate)
    i.xTaskGetSchedulerState                 0x080024fc   Section        0  tasks.o(i.xTaskGetSchedulerState)
    i.xTaskGetTickCount                      0x08002518   Section        0  tasks.o(i.xTaskGetTickCount)
    i.xTaskIncrementTick                     0x08002524   Section        0  tasks.o(i.xTaskIncrementTick)
    i.xTaskPriorityDisinherit                0x0800260c   Section        0  tasks.o(i.xTaskPriorityDisinherit)
    i.xTaskRemoveFromEventList               0x080026c0   Section        0  tasks.o(i.xTaskRemoveFromEventList)
    i.xTaskResumeAll                         0x08002758   Section        0  tasks.o(i.xTaskResumeAll)
    i.xTaskResumeFromISR                     0x0800283c   Section        0  tasks.o(i.xTaskResumeFromISR)
    i.xTimerCreate                           0x080028e8   Section        0  timers.o(i.xTimerCreate)
    i.xTimerCreateTimerTask                  0x0800295c   Section        0  timers.o(i.xTimerCreateTimerTask)
    i.xTimerGenericCommand                   0x080029d0   Section        0  timers.o(i.xTimerGenericCommand)
    .data                                    0x20000000   Section       16  main.o(.data)
    .data                                    0x20000010   Section       20  system_stm32f10x.o(.data)
    .data                                    0x20000024   Section       20  stm32f10x_rcc.o(.data)
    ADCPrescTable                            0x20000024   Data           4  stm32f10x_rcc.o(.data)
    APBAHBPrescTable                         0x20000028   Data          16  stm32f10x_rcc.o(.data)
    .data                                    0x20000038   Section       60  tasks.o(.data)
    uxDeletedTasksWaitingCleanUp             0x2000003c   Data           4  tasks.o(.data)
    uxCurrentNumberOfTasks                   0x20000040   Data           4  tasks.o(.data)
    xTickCount                               0x20000044   Data           4  tasks.o(.data)
    uxTopReadyPriority                       0x20000048   Data           4  tasks.o(.data)
    xSchedulerRunning                        0x2000004c   Data           4  tasks.o(.data)
    uxPendedTicks                            0x20000050   Data           4  tasks.o(.data)
    xYieldPending                            0x20000054   Data           4  tasks.o(.data)
    xNumOfOverflows                          0x20000058   Data           4  tasks.o(.data)
    uxTaskNumber                             0x2000005c   Data           4  tasks.o(.data)
    xNextTaskUnblockTime                     0x20000060   Data           4  tasks.o(.data)
    xIdleTaskHandle                          0x20000064   Data           4  tasks.o(.data)
    uxSchedulerSuspended                     0x20000068   Data           4  tasks.o(.data)
    pxDelayedTaskList                        0x2000006c   Data           4  tasks.o(.data)
    pxOverflowDelayedTaskList                0x20000070   Data           4  tasks.o(.data)
    .data                                    0x20000074   Section       20  timers.o(.data)
    xTimerQueue                              0x20000074   Data           4  timers.o(.data)
    xTimerTaskHandle                         0x20000078   Data           4  timers.o(.data)
    xLastTime                                0x2000007c   Data           4  timers.o(.data)
    pxCurrentTimerList                       0x20000080   Data           4  timers.o(.data)
    pxOverflowTimerList                      0x20000084   Data           4  timers.o(.data)
    .data                                    0x20000088   Section       24  heap_4.o(.data)
    pxEnd                                    0x20000088   Data           4  heap_4.o(.data)
    xFreeBytesRemaining                      0x2000008c   Data           4  heap_4.o(.data)
    xMinimumEverFreeBytesRemaining           0x20000090   Data           4  heap_4.o(.data)
    xBlockAllocatedBit                       0x20000094   Data           4  heap_4.o(.data)
    xStart                                   0x20000098   Data           8  heap_4.o(.data)
    .data                                    0x200000a0   Section       12  port.o(.data)
    ucMaxSysCallPriority                     0x200000a0   Data           1  port.o(.data)
    uxCriticalNesting                        0x200000a4   Data           4  port.o(.data)
    ulMaxPRIGROUPValue                       0x200000a8   Data           4  port.o(.data)
    .data                                    0x200000ac   Section        2  usart.o(.data)
    .data                                    0x200000ae   Section        4  delay.o(.data)
    fac_us                                   0x200000ae   Data           1  delay.o(.data)
    fac_ms                                   0x200000b0   Data           2  delay.o(.data)
    .data                                    0x200000b4   Section        4  stdout.o(.data)
    .bss                                     0x200000b8   Section       64  queue.o(.bss)
    .bss                                     0x200000f8   Section      740  tasks.o(.bss)
    pxReadyTasksLists                        0x200000f8   Data         640  tasks.o(.bss)
    xDelayedTaskList1                        0x20000378   Data          20  tasks.o(.bss)
    xDelayedTaskList2                        0x2000038c   Data          20  tasks.o(.bss)
    xPendingReadyList                        0x200003a0   Data          20  tasks.o(.bss)
    xTasksWaitingTermination                 0x200003b4   Data          20  tasks.o(.bss)
    xSuspendedTaskList                       0x200003c8   Data          20  tasks.o(.bss)
    .bss                                     0x200003dc   Section       40  timers.o(.bss)
    xActiveTimerList1                        0x200003dc   Data          20  timers.o(.bss)
    xActiveTimerList2                        0x200003f0   Data          20  timers.o(.bss)
    .bss                                     0x20000404   Section    15360  heap_4.o(.bss)
    ucHeap                                   0x20000404   Data       15360  heap_4.o(.bss)
    .bss                                     0x20004004   Section      200  usart.o(.bss)
    STACK                                    0x200040d0   Section     1024  startup_stm32f10x_md.o(STACK)

    Global Symbols

    Symbol Name                              Value     Ov Type        Size  Object(Section)

    BuildAttributes$$THM_ISAv4$P$D$K$B$S$PE$A:L22UL41UL21$X:L11$S22US41US21$IEEE1$IW$USESV6$~STKCKD$USESV7$~SHL$OSPACE$ROPI$EBA8$MICROLIB$REQ8$PRES8$EABIv2 0x00000000   Number         0  anon$$obj.o ABSOLUTE
    __ARM_use_no_argv                        0x00000000   Number         0  main.o ABSOLUTE
    _printf_a                                0x00000000   Number         0  stubs.o ABSOLUTE
    _printf_c                                0x00000000   Number         0  stubs.o ABSOLUTE
    _printf_charcount                        0x00000000   Number         0  stubs.o ABSOLUTE
    _printf_d                                0x00000000   Number         0  stubs.o ABSOLUTE
    _printf_e                                0x00000000   Number         0  stubs.o ABSOLUTE
    _printf_f                                0x00000000   Number         0  stubs.o ABSOLUTE
    _printf_flags                            0x00000000   Number         0  stubs.o ABSOLUTE
    _printf_fp_dec                           0x00000000   Number         0  stubs.o ABSOLUTE
    _printf_fp_hex                           0x00000000   Number         0  stubs.o ABSOLUTE
    _printf_g                                0x00000000   Number         0  stubs.o ABSOLUTE
    _printf_i                                0x00000000   Number         0  stubs.o ABSOLUTE
    _printf_int_dec                          0x00000000   Number         0  stubs.o ABSOLUTE
    _printf_l                                0x00000000   Number         0  stubs.o ABSOLUTE
    _printf_lc                               0x00000000   Number         0  stubs.o ABSOLUTE
    _printf_ll                               0x00000000   Number         0  stubs.o ABSOLUTE
    _printf_lld                              0x00000000   Number         0  stubs.o ABSOLUTE
    _printf_lli                              0x00000000   Number         0  stubs.o ABSOLUTE
    _printf_llo                              0x00000000   Number         0  stubs.o ABSOLUTE
    _printf_llu                              0x00000000   Number         0  stubs.o ABSOLUTE
    _printf_llx                              0x00000000   Number         0  stubs.o ABSOLUTE
    _printf_longlong_dec                     0x00000000   Number         0  stubs.o ABSOLUTE
    _printf_longlong_hex                     0x00000000   Number         0  stubs.o ABSOLUTE
    _printf_longlong_oct                     0x00000000   Number         0  stubs.o ABSOLUTE
    _printf_ls                               0x00000000   Number         0  stubs.o ABSOLUTE
    _printf_mbtowc                           0x00000000   Number         0  stubs.o ABSOLUTE
    _printf_n                                0x00000000   Number         0  stubs.o ABSOLUTE
    _printf_o                                0x00000000   Number         0  stubs.o ABSOLUTE
    _printf_p                                0x00000000   Number         0  stubs.o ABSOLUTE
    _printf_percent                          0x00000000   Number         0  stubs.o ABSOLUTE
    _printf_pre_padding                      0x00000000   Number         0  stubs.o ABSOLUTE
    _printf_return_value                     0x00000000   Number         0  stubs.o ABSOLUTE
    _printf_s                                0x00000000   Number         0  stubs.o ABSOLUTE
    _printf_sizespec                         0x00000000   Number         0  stubs.o ABSOLUTE
    _printf_str                              0x00000000   Number         0  stubs.o ABSOLUTE
    _printf_truncate_signed                  0x00000000   Number         0  stubs.o ABSOLUTE
    _printf_truncate_unsigned                0x00000000   Number         0  stubs.o ABSOLUTE
    _printf_u                                0x00000000   Number         0  stubs.o ABSOLUTE
    _printf_wc                               0x00000000   Number         0  stubs.o ABSOLUTE
    _printf_wctomb                           0x00000000   Number         0  stubs.o ABSOLUTE
    _printf_widthprec                        0x00000000   Number         0  stubs.o ABSOLUTE
    _printf_x                                0x00000000   Number         0  stubs.o ABSOLUTE
    __arm_fini_                               - Undefined Weak Reference
    __cpp_initialize__aeabi_                  - Undefined Weak Reference
    __cxa_finalize                            - Undefined Weak Reference
    __decompress                              - Undefined Weak Reference
    _clock_init                               - Undefined Weak Reference
    _microlib_exit                            - Undefined Weak Reference
    __Vectors_Size                           0x000000ec   Number         0  startup_stm32f10x_md.o ABSOLUTE
    __Vectors                                0x08000000   Data           4  startup_stm32f10x_md.o(RESET)
    __Vectors_End                            0x080000ec   Data           0  startup_stm32f10x_md.o(RESET)
    __main                                   0x080000ed   Thumb Code     0  entry.o(.ARM.Collect$$$$00000000)
    _main_stk                                0x080000ed   Thumb Code     0  entry2.o(.ARM.Collect$$$$00000001)
    _main_scatterload                        0x080000f1   Thumb Code     0  entry5.o(.ARM.Collect$$$$00000004)
    __main_after_scatterload                 0x080000f5   Thumb Code     0  entry5.o(.ARM.Collect$$$$00000004)
    _main_clock                              0x080000f5   Thumb Code     0  entry7b.o(.ARM.Collect$$$$00000008)
    _main_cpp_init                           0x080000f5   Thumb Code     0  entry8b.o(.ARM.Collect$$$$0000000A)
    _main_init                               0x080000f5   Thumb Code     0  entry9a.o(.ARM.Collect$$$$0000000B)
    __rt_lib_shutdown_fini                   0x080000fd   Thumb Code     0  entry12b.o(.ARM.Collect$$$$0000000E)
    __rt_final_cpp                           0x08000101   Thumb Code     0  entry10a.o(.ARM.Collect$$$$0000000F)
    __rt_final_exit                          0x08000101   Thumb Code     0  entry11a.o(.ARM.Collect$$$$00000011)
    SVC_Handler                              0x08000105   Thumb Code    32  port.o(.emb_text)
    __asm___6_port_c_39a90d8d__prvStartFirstTask 0x08000129   Thumb Code    28  port.o(.emb_text)
    PendSV_Handler                           0x08000149   Thumb Code    72  port.o(.emb_text)
    vPortGetIPSR                             0x08000195   Thumb Code     6  port.o(.emb_text)
    Reset_Handler                            0x0800019d   Thumb Code     8  startup_stm32f10x_md.o(.text)
    ADC1_2_IRQHandler                        0x080001b7   Thumb Code     0  startup_stm32f10x_md.o(.text)
    CAN1_RX1_IRQHandler                      0x080001b7   Thumb Code     0  startup_stm32f10x_md.o(.text)
    CAN1_SCE_IRQHandler                      0x080001b7   Thumb Code     0  startup_stm32f10x_md.o(.text)
    DMA1_Channel1_IRQHandler                 0x080001b7   Thumb Code     0  startup_stm32f10x_md.o(.text)
    DMA1_Channel2_IRQHandler                 0x080001b7   Thumb Code     0  startup_stm32f10x_md.o(.text)
    DMA1_Channel3_IRQHandler                 0x080001b7   Thumb Code     0  startup_stm32f10x_md.o(.text)
    DMA1_Channel4_IRQHandler                 0x080001b7   Thumb Code     0  startup_stm32f10x_md.o(.text)
    DMA1_Channel5_IRQHandler                 0x080001b7   Thumb Code     0  startup_stm32f10x_md.o(.text)
    DMA1_Channel6_IRQHandler                 0x080001b7   Thumb Code     0  startup_stm32f10x_md.o(.text)
    DMA1_Channel7_IRQHandler                 0x080001b7   Thumb Code     0  startup_stm32f10x_md.o(.text)
    EXTI0_IRQHandler                         0x080001b7   Thumb Code     0  startup_stm32f10x_md.o(.text)
    EXTI15_10_IRQHandler                     0x080001b7   Thumb Code     0  startup_stm32f10x_md.o(.text)
    EXTI1_IRQHandler                         0x080001b7   Thumb Code     0  startup_stm32f10x_md.o(.text)
    EXTI2_IRQHandler                         0x080001b7   Thumb Code     0  startup_stm32f10x_md.o(.text)
    EXTI3_IRQHandler                         0x080001b7   Thumb Code     0  startup_stm32f10x_md.o(.text)
    EXTI9_5_IRQHandler                       0x080001b7   Thumb Code     0  startup_stm32f10x_md.o(.text)
    FLASH_IRQHandler                         0x080001b7   Thumb Code     0  startup_stm32f10x_md.o(.text)
    I2C1_ER_IRQHandler                       0x080001b7   Thumb Code     0  startup_stm32f10x_md.o(.text)
    I2C1_EV_IRQHandler                       0x080001b7   Thumb Code     0  startup_stm32f10x_md.o(.text)
    I2C2_ER_IRQHandler                       0x080001b7   Thumb Code     0  startup_stm32f10x_md.o(.text)
    I2C2_EV_IRQHandler                       0x080001b7   Thumb Code     0  startup_stm32f10x_md.o(.text)
    PVD_IRQHandler                           0x080001b7   Thumb Code     0  startup_stm32f10x_md.o(.text)
    RCC_IRQHandler                           0x080001b7   Thumb Code     0  startup_stm32f10x_md.o(.text)
    RTCAlarm_IRQHandler                      0x080001b7   Thumb Code     0  startup_stm32f10x_md.o(.text)
    RTC_IRQHandler                           0x080001b7   Thumb Code     0  startup_stm32f10x_md.o(.text)
    SPI1_IRQHandler                          0x080001b7   Thumb Code     0  startup_stm32f10x_md.o(.text)
    SPI2_IRQHandler                          0x080001b7   Thumb Code     0  startup_stm32f10x_md.o(.text)
    TAMPER_IRQHandler                        0x080001b7   Thumb Code     0  startup_stm32f10x_md.o(.text)
    TIM1_BRK_IRQHandler                      0x080001b7   Thumb Code     0  startup_stm32f10x_md.o(.text)
    TIM1_CC_IRQHandler                       0x080001b7   Thumb Code     0  startup_stm32f10x_md.o(.text)
    TIM1_TRG_COM_IRQHandler                  0x080001b7   Thumb Code     0  startup_stm32f10x_md.o(.text)
    TIM1_UP_IRQHandler                       0x080001b7   Thumb Code     0  startup_stm32f10x_md.o(.text)
    TIM2_IRQHandler                          0x080001b7   Thumb Code     0  startup_stm32f10x_md.o(.text)
    TIM3_IRQHandler                          0x080001b7   Thumb Code     0  startup_stm32f10x_md.o(.text)
    TIM4_IRQHandler                          0x080001b7   Thumb Code     0  startup_stm32f10x_md.o(.text)
    USART2_IRQHandler                        0x080001b7   Thumb Code     0  startup_stm32f10x_md.o(.text)
    USART3_IRQHandler                        0x080001b7   Thumb Code     0  startup_stm32f10x_md.o(.text)
    USBWakeUp_IRQHandler                     0x080001b7   Thumb Code     0  startup_stm32f10x_md.o(.text)
    USB_HP_CAN1_TX_IRQHandler                0x080001b7   Thumb Code     0  startup_stm32f10x_md.o(.text)
    USB_LP_CAN1_RX0_IRQHandler               0x080001b7   Thumb Code     0  startup_stm32f10x_md.o(.text)
    WWDG_IRQHandler                          0x080001b7   Thumb Code     0  startup_stm32f10x_md.o(.text)
    __aeabi_memcpy                           0x080001c1   Thumb Code    36  memcpya.o(.text)
    __aeabi_memcpy4                          0x080001c1   Thumb Code     0  memcpya.o(.text)
    __aeabi_memcpy8                          0x080001c1   Thumb Code     0  memcpya.o(.text)
    __aeabi_memset                           0x080001e5   Thumb Code    14  memseta.o(.text)
    __aeabi_memset4                          0x080001e5   Thumb Code     0  memseta.o(.text)
    __aeabi_memset8                          0x080001e5   Thumb Code     0  memseta.o(.text)
    __aeabi_memclr                           0x080001f3   Thumb Code     4  memseta.o(.text)
    __aeabi_memclr4                          0x080001f3   Thumb Code     0  memseta.o(.text)
    __aeabi_memclr8                          0x080001f3   Thumb Code     0  memseta.o(.text)
    _memset$wrapper                          0x080001f7   Thumb Code    18  memseta.o(.text)
    __aeabi_uidiv                            0x08000209   Thumb Code     0  uidiv.o(.text)
    __aeabi_uidivmod                         0x08000209   Thumb Code    44  uidiv.o(.text)
    __scatterload                            0x08000235   Thumb Code    28  init.o(.text)
    __scatterload_rt2                        0x08000235   Thumb Code     0  init.o(.text)
    BusFault_Handler                         0x08000259   Thumb Code     2  stm32f10x_it.o(i.BusFault_Handler)
    DebugMon_Handler                         0x0800025b   Thumb Code     2  stm32f10x_it.o(i.DebugMon_Handler)
    EXTI4_IRQHandler                         0x0800025d   Thumb Code    52  led.o(i.EXTI4_IRQHandler)
    EXTI_ClearITPendingBit                   0x08000299   Thumb Code     6  stm32f10x_exti.o(i.EXTI_ClearITPendingBit)
    EXTI_GetITStatus                         0x080002a5   Thumb Code    28  stm32f10x_exti.o(i.EXTI_GetITStatus)
    EXTI_Init                                0x080002c5   Thumb Code   108  stm32f10x_exti.o(i.EXTI_Init)
    EXTI_PA4_init                            0x08000335   Thumb Code    92  led.o(i.EXTI_PA4_init)
    GPIO_EXTILineConfig                      0x08000395   Thumb Code    34  stm32f10x_gpio.o(i.GPIO_EXTILineConfig)
    GPIO_Init                                0x080003bd   Thumb Code   156  stm32f10x_gpio.o(i.GPIO_Init)
    GPIO_ResetBits                           0x08000459   Thumb Code     4  stm32f10x_gpio.o(i.GPIO_ResetBits)
    GPIO_SetBits                             0x0800045d   Thumb Code     4  stm32f10x_gpio.o(i.GPIO_SetBits)
    HardFault_Handler                        0x08000461   Thumb Code     2  stm32f10x_it.o(i.HardFault_Handler)
    LED_INIT                                 0x08000465   Thumb Code   136  led.o(i.LED_INIT)
    MemManage_Handler                        0x080004f5   Thumb Code     2  stm32f10x_it.o(i.MemManage_Handler)
    NMI_Handler                              0x080004f7   Thumb Code     2  stm32f10x_it.o(i.NMI_Handler)
    NVIC_Init                                0x080004f9   Thumb Code    94  misc.o(i.NVIC_Init)
    NVIC_PriorityGroupConfig                 0x0800055d   Thumb Code    10  misc.o(i.NVIC_PriorityGroupConfig)
    RCC_APB2PeriphClockCmd                   0x08000571   Thumb Code    18  stm32f10x_rcc.o(i.RCC_APB2PeriphClockCmd)
    RCC_GetClocksFreq                        0x08000589   Thumb Code   132  stm32f10x_rcc.o(i.RCC_GetClocksFreq)
    SysTick_CLKSourceConfig                  0x080006c5   Thumb Code    24  misc.o(i.SysTick_CLKSourceConfig)
    SysTick_Handler                          0x080006dd   Thumb Code    20  delay.o(i.SysTick_Handler)
    SystemInit                               0x080006f1   Thumb Code    64  system_stm32f10x.o(i.SystemInit)
    USART1_IRQHandler                        0x08000741   Thumb Code    88  usart.o(i.USART1_IRQHandler)
    USART_Cmd                                0x080007a5   Thumb Code    20  stm32f10x_usart.o(i.USART_Cmd)
    USART_GetITStatus                        0x080007b9   Thumb Code    62  stm32f10x_usart.o(i.USART_GetITStatus)
    USART_Init                               0x080007f9   Thumb Code   166  stm32f10x_usart.o(i.USART_Init)
    USART_ReceiveData                        0x080008a5   Thumb Code     8  stm32f10x_usart.o(i.USART_ReceiveData)
    UsageFault_Handler                       0x080008ad   Thumb Code     2  stm32f10x_it.o(i.UsageFault_Handler)
    __0printf$3                              0x080008b1   Thumb Code    22  printf3.o(i.__0printf$3)
    __1printf$3                              0x080008b1   Thumb Code     0  printf3.o(i.__0printf$3)
    __2printf                                0x080008b1   Thumb Code     0  printf3.o(i.__0printf$3)
    __scatterload_copy                       0x080008d1   Thumb Code    14  handlers.o(i.__scatterload_copy)
    __scatterload_null                       0x080008df   Thumb Code     2  handlers.o(i.__scatterload_null)
    __scatterload_zeroinit                   0x080008e1   Thumb Code    14  handlers.o(i.__scatterload_zeroinit)
    delay_init                               0x08000aa9   Thumb Code    60  delay.o(i.delay_init)
    delay_us                                 0x08000af1   Thumb Code    48  delay.o(i.delay_us)
    delay_xms                                0x08000b25   Thumb Code    26  delay.o(i.delay_xms)
    fputc                                    0x08000b41   Thumb Code    18  usart.o(i.fputc)
    key_task                                 0x08000b59   Thumb Code    44  main.o(i.key_task)
    main                                     0x08000b8d   Thumb Code    60  main.o(i.main)
    pvPortMalloc                             0x08001475   Thumb Code   214  heap_4.o(i.pvPortMalloc)
    pxPortInitialiseStack                    0x08001589   Thumb Code    32  port.o(i.pxPortInitialiseStack)
    start_task                               0x080015ad   Thumb Code    80  main.o(i.start_task)
    task1_task                               0x08001631   Thumb Code    24  main.o(i.task1_task)
    task2_task                               0x0800164d   Thumb Code    28  main.o(i.task2_task)
    uart_init                                0x0800166d   Thumb Code   140  usart.o(i.uart_init)
    uxListRemove                             0x08001701   Thumb Code    38  list.o(i.uxListRemove)
    vListInitialise                          0x08001727   Thumb Code    22  list.o(i.vListInitialise)
    vListInitialiseItem                      0x0800173d   Thumb Code     6  list.o(i.vListInitialiseItem)
    vListInsert                              0x08001743   Thumb Code    48  list.o(i.vListInsert)
    vListInsertEnd                           0x08001773   Thumb Code    24  list.o(i.vListInsertEnd)
    vPortEnterCritical                       0x0800178d   Thumb Code    50  port.o(i.vPortEnterCritical)
    vPortExitCritical                        0x08001805   Thumb Code    34  port.o(i.vPortExitCritical)
    vPortFree                                0x08001869   Thumb Code    94  heap_4.o(i.vPortFree)
    vPortSetupTimerInterrupt                 0x08001905   Thumb Code    32  port.o(i.vPortSetupTimerInterrupt)
    vPortValidateInterruptPriority           0x08001929   Thumb Code    70  port.o(i.vPortValidateInterruptPriority)
    vQueueAddToRegistry                      0x080019b5   Thumb Code    32  queue.o(i.vQueueAddToRegistry)
    vQueueWaitForMessageRestricted           0x080019d9   Thumb Code    68  queue.o(i.vQueueWaitForMessageRestricted)
    vTaskDelay                               0x08001a1d   Thumb Code    62  tasks.o(i.vTaskDelay)
    vTaskDelete                              0x08001a89   Thumb Code   152  tasks.o(i.vTaskDelete)
    vTaskInternalSetTimeOutState             0x08001b55   Thumb Code    12  tasks.o(i.vTaskInternalSetTimeOutState)
    vTaskMissedYield                         0x08001b65   Thumb Code     8  tasks.o(i.vTaskMissedYield)
    vTaskPlaceOnEventList                    0x08001b71   Thumb Code    44  tasks.o(i.vTaskPlaceOnEventList)
    vTaskPlaceOnEventListRestricted          0x08001bc5   Thumb Code    52  tasks.o(i.vTaskPlaceOnEventListRestricted)
    vTaskStartScheduler                      0x08001c21   Thumb Code    96  tasks.o(i.vTaskStartScheduler)
    vTaskSuspend                             0x08001cb5   Thumb Code   166  tasks.o(i.vTaskSuspend)
    vTaskSuspendAll                          0x08001d91   Thumb Code    10  tasks.o(i.vTaskSuspendAll)
    vTaskSwitchContext                       0x08001da1   Thumb Code    80  tasks.o(i.vTaskSwitchContext)
    xPortStartScheduler                      0x08001e1d   Thumb Code   170  port.o(i.xPortStartScheduler)
    xPortSysTickHandler                      0x08001f11   Thumb Code    38  port.o(i.xPortSysTickHandler)
    xQueueGenericCreate                      0x08001f3d   Thumb Code    82  queue.o(i.xQueueGenericCreate)
    xQueueGenericReset                       0x08001fb5   Thumb Code   126  queue.o(i.xQueueGenericReset)
    xQueueGenericSend                        0x0800205d   Thumb Code   350  queue.o(i.xQueueGenericSend)
    xQueueGenericSendFromISR                 0x080021e5   Thumb Code   188  queue.o(i.xQueueGenericSendFromISR)
    xQueueReceive                            0x080022c5   Thumb Code   294  queue.o(i.xQueueReceive)
    xTaskCheckForTimeOut                     0x08002415   Thumb Code   104  tasks.o(i.xTaskCheckForTimeOut)
    xTaskCreate                              0x080024a5   Thumb Code    86  tasks.o(i.xTaskCreate)
    xTaskGetSchedulerState                   0x080024fd   Thumb Code    22  tasks.o(i.xTaskGetSchedulerState)
    xTaskGetTickCount                        0x08002519   Thumb Code     6  tasks.o(i.xTaskGetTickCount)
    xTaskIncrementTick                       0x08002525   Thumb Code   188  tasks.o(i.xTaskIncrementTick)
    xTaskPriorityDisinherit                  0x0800260d   Thumb Code   136  tasks.o(i.xTaskPriorityDisinherit)
    xTaskRemoveFromEventList                 0x080026c1   Thumb Code   102  tasks.o(i.xTaskRemoveFromEventList)
    xTaskResumeAll                           0x08002759   Thumb Code   180  tasks.o(i.xTaskResumeAll)
    xTaskResumeFromISR                       0x0800283d   Thumb Code   122  tasks.o(i.xTaskResumeFromISR)
    xTimerCreate                             0x080028e9   Thumb Code    74  timers.o(i.xTimerCreate)
    xTimerCreateTimerTask                    0x0800295d   Thumb Code    58  timers.o(i.xTimerCreateTimerTask)
    xTimerGenericCommand                     0x080029d1   Thumb Code    98  timers.o(i.xTimerGenericCommand)
    Region$$Table$$Base                      0x08002a60   Number         0  anon$$obj.o(Region$$Table)
    Region$$Table$$Limit                     0x08002a80   Number         0  anon$$obj.o(Region$$Table)
    StartTask_Handler                        0x20000000   Data           4  main.o(.data)
    Task1_Handler                            0x20000004   Data           4  main.o(.data)
    Task2_Handler                            0x20000008   Data           4  main.o(.data)
    Key_Handler                              0x2000000c   Data           4  main.o(.data)
    SystemCoreClock                          0x20000010   Data           4  system_stm32f10x.o(.data)
    AHBPrescTable                            0x20000014   Data          16  system_stm32f10x.o(.data)
    pxCurrentTCB                             0x20000038   Data           4  tasks.o(.data)
    USART_RX_STA                             0x200000ac   Data           2  usart.o(.data)
    __stdout                                 0x200000b4   Data           4  stdout.o(.data)
    xQueueRegistry                           0x200000b8   Data          64  queue.o(.bss)
    USART_RX_BUF                             0x20004004   Data         200  usart.o(.bss)
    __initial_sp                             0x200044d0   Data           0  startup_stm32f10x_md.o(STACK)



==============================================================================

Memory Map of the image

  Image Entry point : 0x080000ed

  Load Region LR_IROM1 (Base: 0x08000000, Size: 0x00002b38, Max: 0x00010000, ABSOLUTE)

    Execution Region ER_IROM1 (Exec base: 0x08000000, Load base: 0x08000000, Size: 0x00002a80, Max: 0x00010000, ABSOLUTE)

    Exec Addr    Load Addr    Size         Type   Attr      Idx    E Section Name        Object

    0x08000000   0x08000000   0x000000ec   Data   RO          242    RESET               startup_stm32f10x_md.o
    0x080000ec   0x080000ec   0x00000000   Code   RO         2671  * .ARM.Collect$$$$00000000  mc_w.l(entry.o)
    0x080000ec   0x080000ec   0x00000004   Code   RO         2945    .ARM.Collect$$$$00000001  mc_w.l(entry2.o)
    0x080000f0   0x080000f0   0x00000004   Code   RO         2948    .ARM.Collect$$$$00000004  mc_w.l(entry5.o)
    0x080000f4   0x080000f4   0x00000000   Code   RO         2950    .ARM.Collect$$$$00000008  mc_w.l(entry7b.o)
    0x080000f4   0x080000f4   0x00000000   Code   RO         2952    .ARM.Collect$$$$0000000A  mc_w.l(entry8b.o)
    0x080000f4   0x080000f4   0x00000008   Code   RO         2953    .ARM.Collect$$$$0000000B  mc_w.l(entry9a.o)
    0x080000fc   0x080000fc   0x00000004   Code   RO         2960    .ARM.Collect$$$$0000000E  mc_w.l(entry12b.o)
    0x08000100   0x08000100   0x00000000   Code   RO         2955    .ARM.Collect$$$$0000000F  mc_w.l(entry10a.o)
    0x08000100   0x08000100   0x00000000   Code   RO         2957    .ARM.Collect$$$$00000011  mc_w.l(entry11a.o)
    0x08000100   0x08000100   0x00000004   Code   RO         2946    .ARM.Collect$$$$00002712  mc_w.l(entry2.o)
    0x08000104   0x08000104   0x00000096   Code   RO         2484    .emb_text           port.o
    0x0800019a   0x0800019a   0x00000002   PAD
    0x0800019c   0x0800019c   0x00000024   Code   RO          243    .text               startup_stm32f10x_md.o
    0x080001c0   0x080001c0   0x00000024   Code   RO         2674    .text               mc_w.l(memcpya.o)
    0x080001e4   0x080001e4   0x00000024   Code   RO         2676    .text               mc_w.l(memseta.o)
    0x08000208   0x08000208   0x0000002c   Code   RO         2962    .text               mc_w.l(uidiv.o)
    0x08000234   0x08000234   0x00000024   Code   RO         2977    .text               mc_w.l(init.o)
    0x08000258   0x08000258   0x00000002   Code   RO          166    i.BusFault_Handler  stm32f10x_it.o
    0x0800025a   0x0800025a   0x00000002   Code   RO          167    i.DebugMon_Handler  stm32f10x_it.o
    0x0800025c   0x0800025c   0x0000003c   Code   RO          127    i.EXTI4_IRQHandler  led.o
    0x08000298   0x08000298   0x0000000c   Code   RO          284    i.EXTI_ClearITPendingBit  stm32f10x_exti.o
    0x080002a4   0x080002a4   0x00000020   Code   RO          288    i.EXTI_GetITStatus  stm32f10x_exti.o
    0x080002c4   0x080002c4   0x00000070   Code   RO          289    i.EXTI_Init         stm32f10x_exti.o
    0x08000334   0x08000334   0x00000060   Code   RO          128    i.EXTI_PA4_init     led.o
    0x08000394   0x08000394   0x00000028   Code   RO          340    i.GPIO_EXTILineConfig  stm32f10x_gpio.o
    0x080003bc   0x080003bc   0x0000009c   Code   RO          343    i.GPIO_Init         stm32f10x_gpio.o
    0x08000458   0x08000458   0x00000004   Code   RO          350    i.GPIO_ResetBits    stm32f10x_gpio.o
    0x0800045c   0x0800045c   0x00000004   Code   RO          351    i.GPIO_SetBits      stm32f10x_gpio.o
    0x08000460   0x08000460   0x00000002   Code   RO          168    i.HardFault_Handler  stm32f10x_it.o
    0x08000462   0x08000462   0x00000002   PAD
    0x08000464   0x08000464   0x00000090   Code   RO          129    i.LED_INIT          led.o
    0x080004f4   0x080004f4   0x00000002   Code   RO          169    i.MemManage_Handler  stm32f10x_it.o
    0x080004f6   0x080004f6   0x00000002   Code   RO          170    i.NMI_Handler       stm32f10x_it.o
    0x080004f8   0x080004f8   0x00000064   Code   RO          247    i.NVIC_Init         misc.o
    0x0800055c   0x0800055c   0x00000014   Code   RO          248    i.NVIC_PriorityGroupConfig  misc.o
    0x08000570   0x08000570   0x00000018   Code   RO          455    i.RCC_APB2PeriphClockCmd  stm32f10x_rcc.o
    0x08000588   0x08000588   0x00000094   Code   RO          463    i.RCC_GetClocksFreq  stm32f10x_rcc.o
    0x0800061c   0x0800061c   0x000000a8   Code   RO          211    i.SetSysClockTo72   system_stm32f10x.o
    0x080006c4   0x080006c4   0x00000018   Code   RO          251    i.SysTick_CLKSourceConfig  misc.o
    0x080006dc   0x080006dc   0x00000014   Code   RO         2633    i.SysTick_Handler   delay.o
    0x080006f0   0x080006f0   0x00000050   Code   RO          213    i.SystemInit        system_stm32f10x.o
    0x08000740   0x08000740   0x00000064   Code   RO         2589    i.USART1_IRQHandler  usart.o
    0x080007a4   0x080007a4   0x00000014   Code   RO         1374    i.USART_Cmd         stm32f10x_usart.o
    0x080007b8   0x080007b8   0x0000003e   Code   RO         1378    i.USART_GetITStatus  stm32f10x_usart.o
    0x080007f6   0x080007f6   0x00000002   PAD
    0x080007f8   0x080007f8   0x000000ac   Code   RO         1381    i.USART_Init        stm32f10x_usart.o
    0x080008a4   0x080008a4   0x00000008   Code   RO         1388    i.USART_ReceiveData  stm32f10x_usart.o
    0x080008ac   0x080008ac   0x00000002   Code   RO          171    i.UsageFault_Handler  stm32f10x_it.o
    0x080008ae   0x080008ae   0x00000002   PAD
    0x080008b0   0x080008b0   0x00000020   Code   RO         2773    i.__0printf$3       mc_w.l(printf3.o)
    0x080008d0   0x080008d0   0x0000000e   Code   RO         2989    i.__scatterload_copy  mc_w.l(handlers.o)
    0x080008de   0x080008de   0x00000002   Code   RO         2990    i.__scatterload_null  mc_w.l(handlers.o)
    0x080008e0   0x080008e0   0x0000000e   Code   RO         2991    i.__scatterload_zeroinit  mc_w.l(handlers.o)
    0x080008ee   0x080008ee   0x00000002   PAD
    0x080008f0   0x080008f0   0x000001b8   Code   RO         2780    i._printf_core      mc_w.l(printf3.o)
    0x08000aa8   0x08000aa8   0x00000048   Code   RO         2634    i.delay_init        delay.o
    0x08000af0   0x08000af0   0x00000034   Code   RO         2636    i.delay_us          delay.o
    0x08000b24   0x08000b24   0x0000001a   Code   RO         2637    i.delay_xms         delay.o
    0x08000b3e   0x08000b3e   0x00000002   PAD
    0x08000b40   0x08000b40   0x00000018   Code   RO         2590    i.fputc             usart.o
    0x08000b58   0x08000b58   0x00000034   Code   RO            1    i.key_task          main.o
    0x08000b8c   0x08000b8c   0x00000050   Code   RO            2    i.main              main.o
    0x08000bdc   0x08000bdc   0x00000070   Code   RO         1952    i.prvAddCurrentTaskToDelayedList  tasks.o
    0x08000c4c   0x08000c4c   0x000000d0   Code   RO         1953    i.prvAddNewTaskToReadyList  tasks.o
    0x08000d1c   0x08000d1c   0x00000050   Code   RO         2303    i.prvCheckForValidListAndQueue  timers.o
    0x08000d6c   0x08000d6c   0x00000026   Code   RO         1719    i.prvCopyDataFromQueue  queue.o
    0x08000d92   0x08000d92   0x0000006c   Code   RO         1720    i.prvCopyDataToQueue  queue.o
    0x08000dfe   0x08000dfe   0x00000014   Code   RO         1954    i.prvDeleteTCB      tasks.o
    0x08000e12   0x08000e12   0x00000002   PAD
    0x08000e14   0x08000e14   0x0000004c   Code   RO         2435    i.prvHeapInit       heap_4.o
    0x08000e60   0x08000e60   0x0000005c   Code   RO         1955    i.prvIdleTask       tasks.o
    0x08000ebc   0x08000ebc   0x000000c0   Code   RO         1956    i.prvInitialiseNewTask  tasks.o
    0x08000f7c   0x08000f7c   0x0000004c   Code   RO         2436    i.prvInsertBlockIntoFreeList  heap_4.o
    0x08000fc8   0x08000fc8   0x00000038   Code   RO         2304    i.prvInsertTimerInActiveList  timers.o
    0x08001000   0x08001000   0x0000001a   Code   RO         1721    i.prvIsQueueEmpty   queue.o
    0x0800101a   0x0800101a   0x00000002   PAD
    0x0800101c   0x0800101c   0x00000090   Code   RO         1722    i.prvNotifyQueueSetContainer  queue.o
    0x080010ac   0x080010ac   0x00000060   Code   RO         2305    i.prvProcessExpiredTimer  timers.o
    0x0800110c   0x0800110c   0x000000f0   Code   RO         2306    i.prvProcessReceivedCommands  timers.o
    0x080011fc   0x080011fc   0x0000006c   Code   RO         2307    i.prvProcessTimerOrBlockTask  timers.o
    0x08001268   0x08001268   0x00000020   Code   RO         1958    i.prvResetNextTaskUnblockTime  tasks.o
    0x08001288   0x08001288   0x00000028   Code   RO         2308    i.prvSampleTimeNow  timers.o
    0x080012b0   0x080012b0   0x0000006c   Code   RO         2309    i.prvSwitchTimerLists  timers.o
    0x0800131c   0x0800131c   0x00000064   Code   RO         2485    i.prvTaskExitError  port.o
    0x08001380   0x08001380   0x00000054   Code   RO         1959    i.prvTaskIsTaskSuspended  tasks.o
    0x080013d4   0x080013d4   0x00000028   Code   RO         2310    i.prvTimerTask      timers.o
    0x080013fc   0x080013fc   0x00000078   Code   RO         1723    i.prvUnlockQueue    queue.o
    0x08001474   0x08001474   0x00000114   Code   RO         2437    i.pvPortMalloc      heap_4.o
    0x08001588   0x08001588   0x00000024   Code   RO         2486    i.pxPortInitialiseStack  port.o
    0x080015ac   0x080015ac   0x00000084   Code   RO            3    i.start_task        main.o
    0x08001630   0x08001630   0x0000001c   Code   RO            4    i.task1_task        main.o
    0x0800164c   0x0800164c   0x00000020   Code   RO            5    i.task2_task        main.o
    0x0800166c   0x0800166c   0x00000094   Code   RO         2591    i.uart_init         usart.o
    0x08001700   0x08001700   0x00000026   Code   RO         1679    i.uxListRemove      list.o
    0x08001726   0x08001726   0x00000016   Code   RO         1680    i.vListInitialise   list.o
    0x0800173c   0x0800173c   0x00000006   Code   RO         1681    i.vListInitialiseItem  list.o
    0x08001742   0x08001742   0x00000030   Code   RO         1682    i.vListInsert       list.o
    0x08001772   0x08001772   0x00000018   Code   RO         1683    i.vListInsertEnd    list.o
    0x0800178a   0x0800178a   0x00000002   PAD
    0x0800178c   0x0800178c   0x00000078   Code   RO         2488    i.vPortEnterCritical  port.o
    0x08001804   0x08001804   0x00000064   Code   RO         2489    i.vPortExitCritical  port.o
    0x08001868   0x08001868   0x0000009c   Code   RO         2438    i.vPortFree         heap_4.o
    0x08001904   0x08001904   0x00000024   Code   RO         2490    i.vPortSetupTimerInterrupt  port.o
    0x08001928   0x08001928   0x0000008c   Code   RO         2491    i.vPortValidateInterruptPriority  port.o
    0x080019b4   0x080019b4   0x00000024   Code   RO         1729    i.vQueueAddToRegistry  queue.o
    0x080019d8   0x080019d8   0x00000044   Code   RO         1733    i.vQueueWaitForMessageRestricted  queue.o
    0x08001a1c   0x08001a1c   0x0000006c   Code   RO         1968    i.vTaskDelay        tasks.o
    0x08001a88   0x08001a88   0x000000cc   Code   RO         1970    i.vTaskDelete       tasks.o
    0x08001b54   0x08001b54   0x00000010   Code   RO         1973    i.vTaskInternalSetTimeOutState  tasks.o
    0x08001b64   0x08001b64   0x0000000c   Code   RO         1975    i.vTaskMissedYield  tasks.o
    0x08001b70   0x08001b70   0x00000054   Code   RO         1977    i.vTaskPlaceOnEventList  tasks.o
    0x08001bc4   0x08001bc4   0x0000005c   Code   RO         1978    i.vTaskPlaceOnEventListRestricted  tasks.o
    0x08001c20   0x08001c20   0x00000094   Code   RO         1986    i.vTaskStartScheduler  tasks.o
    0x08001cb4   0x08001cb4   0x000000dc   Code   RO         1987    i.vTaskSuspend      tasks.o
    0x08001d90   0x08001d90   0x00000010   Code   RO         1988    i.vTaskSuspendAll   tasks.o
    0x08001da0   0x08001da0   0x0000007c   Code   RO         1989    i.vTaskSwitchContext  tasks.o
    0x08001e1c   0x08001e1c   0x000000f4   Code   RO         2492    i.xPortStartScheduler  port.o
    0x08001f10   0x08001f10   0x0000002c   Code   RO         2493    i.xPortSysTickHandler  port.o
    0x08001f3c   0x08001f3c   0x00000078   Code   RO         1738    i.xQueueGenericCreate  queue.o
    0x08001fb4   0x08001fb4   0x000000a8   Code   RO         1739    i.xQueueGenericReset  queue.o
    0x0800205c   0x0800205c   0x00000188   Code   RO         1740    i.xQueueGenericSend  queue.o
    0x080021e4   0x080021e4   0x000000e0   Code   RO         1741    i.xQueueGenericSendFromISR  queue.o
    0x080022c4   0x080022c4   0x00000150   Code   RO         1748    i.xQueueReceive     queue.o
    0x08002414   0x08002414   0x00000090   Code   RO         1990    i.xTaskCheckForTimeOut  tasks.o
    0x080024a4   0x080024a4   0x00000056   Code   RO         1991    i.xTaskCreate       tasks.o
    0x080024fa   0x080024fa   0x00000002   PAD
    0x080024fc   0x080024fc   0x0000001c   Code   RO         1995    i.xTaskGetSchedulerState  tasks.o
    0x08002518   0x08002518   0x0000000c   Code   RO         1996    i.xTaskGetTickCount  tasks.o
    0x08002524   0x08002524   0x000000e8   Code   RO         1998    i.xTaskIncrementTick  tasks.o
    0x0800260c   0x0800260c   0x000000b4   Code   RO         2001    i.xTaskPriorityDisinherit  tasks.o
    0x080026c0   0x080026c0   0x00000098   Code   RO         2003    i.xTaskRemoveFromEventList  tasks.o
    0x08002758   0x08002758   0x000000e4   Code   RO         2004    i.xTaskResumeAll    tasks.o
    0x0800283c   0x0800283c   0x000000ac   Code   RO         2005    i.xTaskResumeFromISR  tasks.o
    0x080028e8   0x080028e8   0x00000074   Code   RO         2315    i.xTimerCreate      timers.o
    0x0800295c   0x0800295c   0x00000074   Code   RO         2316    i.xTimerCreateTimerTask  timers.o
    0x080029d0   0x080029d0   0x00000090   Code   RO         2317    i.xTimerGenericCommand  timers.o
    0x08002a60   0x08002a60   0x00000020   Data   RO         2987    Region$$Table       anon$$obj.o


    Execution Region RW_IRAM1 (Exec base: 0x20000000, Load base: 0x08002a80, Size: 0x000044d0, Max: 0x00005000, ABSOLUTE)

    Exec Addr    Load Addr    Size         Type   Attr      Idx    E Section Name        Object

    0x20000000   0x08002a80   0x00000010   Data   RW            6    .data               main.o
    0x20000010   0x08002a90   0x00000014   Data   RW          214    .data               system_stm32f10x.o
    0x20000024   0x08002aa4   0x00000014   Data   RW          483    .data               stm32f10x_rcc.o
    0x20000038   0x08002ab8   0x0000003c   Data   RW         2007    .data               tasks.o
    0x20000074   0x08002af4   0x00000014   Data   RW         2325    .data               timers.o
    0x20000088   0x08002b08   0x00000018   Data   RW         2443    .data               heap_4.o
    0x200000a0   0x08002b20   0x0000000c   Data   RW         2494    .data               port.o
    0x200000ac   0x08002b2c   0x00000002   Data   RW         2593    .data               usart.o
    0x200000ae   0x08002b2e   0x00000004   Data   RW         2638    .data               delay.o
    0x200000b2   0x08002b32   0x00000002   PAD
    0x200000b4   0x08002b34   0x00000004   Data   RW         2961    .data               mc_w.l(stdout.o)
    0x200000b8        -       0x00000040   Zero   RW         1755    .bss                queue.o
    0x200000f8        -       0x000002e4   Zero   RW         2006    .bss                tasks.o
    0x200003dc        -       0x00000028   Zero   RW         2324    .bss                timers.o
    0x20000404        -       0x00003c00   Zero   RW         2442    .bss                heap_4.o
    0x20004004        -       0x000000c8   Zero   RW         2592    .bss                usart.o
    0x200040cc   0x08002b38   0x00000004   PAD
    0x200040d0        -       0x00000400   Zero   RW          240    STACK               startup_stm32f10x_md.o


==============================================================================

Image component sizes


      Code (inc. data)   RO Data    RW Data    ZI Data      Debug   Object Name

         0          0          0          0          0         32   core_cm3.o
       170         16          0          4          0       2270   delay.o
         0          0          0          0          0      11688   event_groups.o
       584        138          0         24      15360       3855   heap_4.o
       300         20          0          0          0       1618   led.o
       138          0          0          0          0       2878   list.o
       324         88          0         16          0     245645   main.o
       144         16          0          0          0       1909   misc.o
       970        372          0         12          0       9829   port.o
      1780        240          0          0         64      14742   queue.o
        36          8        236          0       1024        772   startup_stm32f10x_md.o
       156         14          0          0          0       2044   stm32f10x_exti.o
       204          6          0          0          0       3498   stm32f10x_gpio.o
        12          0          0          0          0       2433   stm32f10x_it.o
       172         22          0         20          0       3753   stm32f10x_rcc.o
       262          6          0          0          0       4157   stm32f10x_usart.o
       248         24          0         20          0       1729   system_stm32f10x.o
      2998        752          0         60        740      28922   tasks.o
      1144        262          0         20         40       9334   timers.o
       272         26          0          2        200       3600   usart.o

    ----------------------------------------------------------------------
      9932       2010        268        180      17432     354708   Object Totals
         0          0         32          0          0          0   (incl. Generated)
        18          0          0          2          4          0   (incl. Padding)

    ----------------------------------------------------------------------

      Code (inc. data)   RO Data    RW Data    ZI Data      Debug   Library Member Name

         0          0          0          0          0          0   entry.o
         0          0          0          0          0          0   entry10a.o
         0          0          0          0          0          0   entry11a.o
         4          0          0          0          0          0   entry12b.o
         8          4          0          0          0          0   entry2.o
         4          0          0          0          0          0   entry5.o
         0          0          0          0          0          0   entry7b.o
         0          0          0          0          0          0   entry8b.o
         8          4          0          0          0          0   entry9a.o
        30          0          0          0          0          0   handlers.o
        36          8          0          0          0         68   init.o
        36          0          0          0          0         68   memcpya.o
        36          0          0          0          0        108   memseta.o
       472         14          0          0          0        184   printf3.o
         0          0          0          4          0          0   stdout.o
        44          0          0          0          0         80   uidiv.o

    ----------------------------------------------------------------------
       680         30          0          4          0        508   Library Totals
         2          0          0          0          0          0   (incl. Padding)

    ----------------------------------------------------------------------

      Code (inc. data)   RO Data    RW Data    ZI Data      Debug   Library Name

       678         30          0          4          0        508   mc_w.l

    ----------------------------------------------------------------------
       680         30          0          4          0        508   Library Totals

    ----------------------------------------------------------------------

==============================================================================


      Code (inc. data)   RO Data    RW Data    ZI Data      Debug   

     10612       2040        268        184      17432     349908   Grand Totals
     10612       2040        268        184      17432     349908   ELF Image Totals
     10612       2040        268        184          0          0   ROM Totals

==============================================================================

    Total RO  Size (Code + RO Data)                10880 (  10.63kB)
    Total RW  Size (RW Data + ZI Data)             17616 (  17.20kB)
    Total ROM Size (Code + RO Data + RW Data)      11064 (  10.80kB)

==============================================================================

